Component: ARM Compiler 5.06 update 4 (build 422) Tool: armlink [4d35d2]

==============================================================================

Section Cross References

    startup_stm32f103xb.o(RESET) refers to startup_stm32f103xb.o(STACK) for __initial_sp
    startup_stm32f103xb.o(RESET) refers to startup_stm32f103xb.o(.text) for Reset_Handler
    startup_stm32f103xb.o(RESET) refers to stm32f1xx_it.o(i.NMI_Handler) for NMI_Handler
    startup_stm32f103xb.o(RESET) refers to stm32f1xx_it.o(i.HardFault_Handler) for HardFault_Handler
    startup_stm32f103xb.o(RESET) refers to stm32f1xx_it.o(i.MemManage_Handler) for MemManage_Handler
    startup_stm32f103xb.o(RESET) refers to stm32f1xx_it.o(i.BusFault_Handler) for BusFault_Handler
    startup_stm32f103xb.o(RESET) refers to stm32f1xx_it.o(i.UsageFault_Handler) for UsageFault_Handler
    startup_stm32f103xb.o(RESET) refers to stm32f1xx_it.o(i.SVC_Handler) for SVC_Handler
    startup_stm32f103xb.o(RESET) refers to stm32f1xx_it.o(i.DebugMon_Handler) for DebugMon_Handler
    startup_stm32f103xb.o(RESET) refers to stm32f1xx_it.o(i.PendSV_Handler) for PendSV_Handler
    startup_stm32f103xb.o(RESET) refers to stm32f1xx_it.o(i.SysTick_Handler) for SysTick_Handler
    startup_stm32f103xb.o(RESET) refers to stm32f1xx_it.o(i.TIM2_IRQHandler) for TIM2_IRQHandler
    startup_stm32f103xb.o(.text) refers to system_stm32f1xx.o(i.SystemInit) for SystemInit
    startup_stm32f103xb.o(.text) refers to entry.o(.ARM.Collect$$$$00000000) for __main
    main.o(i.HAL_TIM_PeriodElapsedCallback) refers to tim.o(.bss) for htim2
    main.o(i.HAL_TIM_PeriodElapsedCallback) refers to main.o(.data) for .data
    main.o(i.LED_B) refers to fmul.o(.text) for __aeabi_fmul
    main.o(i.LED_B) refers to ffixi.o(.text) for __aeabi_f2iz
    main.o(i.LED_B) refers to main.o(.data) for .data
    main.o(i.LED_B) refers to tim.o(.bss) for htim2
    main.o(i.LED_G) refers to fmul.o(.text) for __aeabi_fmul
    main.o(i.LED_G) refers to ffixi.o(.text) for __aeabi_f2iz
    main.o(i.LED_G) refers to main.o(.data) for .data
    main.o(i.LED_G) refers to tim.o(.bss) for htim2
    main.o(i.SystemClock_Config) refers to memseta.o(.text) for __aeabi_memclr4
    main.o(i.SystemClock_Config) refers to stm32f1xx_hal_rcc.o(i.HAL_RCC_OscConfig) for HAL_RCC_OscConfig
    main.o(i.SystemClock_Config) refers to stm32f1xx_hal_rcc.o(i.HAL_RCC_ClockConfig) for HAL_RCC_ClockConfig
    main.o(i.main) refers to stm32f1xx_hal.o(i.HAL_Init) for HAL_Init
    main.o(i.main) refers to main.o(i.SystemClock_Config) for SystemClock_Config
    main.o(i.main) refers to gpio.o(i.MX_GPIO_Init) for MX_GPIO_Init
    main.o(i.main) refers to i2c.o(i.MX_I2C1_Init) for MX_I2C1_Init
    main.o(i.main) refers to tim.o(i.MX_TIM2_Init) for MX_TIM2_Init
    main.o(i.main) refers to stm32f1xx_hal_tim.o(i.HAL_TIM_PWM_Start) for HAL_TIM_PWM_Start
    main.o(i.main) refers to stm32f1xx_hal_tim.o(i.HAL_TIM_Base_Start_IT) for HAL_TIM_Base_Start_IT
    main.o(i.main) refers to mpu6050.o(i.DMP_Init) for DMP_Init
    main.o(i.main) refers to fflti.o(.text) for __aeabi_i2f
    main.o(i.main) refers to main.o(i.LED_G) for LED_G
    main.o(i.main) refers to mpu6050.o(i.Read_DMP) for Read_DMP
    main.o(i.main) refers to main.o(i.LED_B) for LED_B
    main.o(i.main) refers to stm32f1xx_hal.o(i.HAL_Delay) for HAL_Delay
    main.o(i.main) refers to tim.o(.bss) for htim2
    main.o(i.main) refers to main.o(.data) for .data
    i2c.o(i.HAL_I2C_MspDeInit) refers to stm32f1xx_hal_gpio.o(i.HAL_GPIO_DeInit) for HAL_GPIO_DeInit
    i2c.o(i.HAL_I2C_MspInit) refers to stm32f1xx_hal_gpio.o(i.HAL_GPIO_Init) for HAL_GPIO_Init
    i2c.o(i.MX_I2C1_Init) refers to stm32f1xx_hal_i2c.o(i.HAL_I2C_Init) for HAL_I2C_Init
    i2c.o(i.MX_I2C1_Init) refers to main.o(i.Error_Handler) for Error_Handler
    i2c.o(i.MX_I2C1_Init) refers to i2c.o(.bss) for .bss
    tim.o(i.HAL_TIM_Base_MspDeInit) refers to stm32f1xx_hal_cortex.o(i.HAL_NVIC_DisableIRQ) for HAL_NVIC_DisableIRQ
    tim.o(i.HAL_TIM_Base_MspInit) refers to stm32f1xx_hal_cortex.o(i.HAL_NVIC_SetPriority) for HAL_NVIC_SetPriority
    tim.o(i.HAL_TIM_Base_MspInit) refers to stm32f1xx_hal_cortex.o(i.HAL_NVIC_EnableIRQ) for HAL_NVIC_EnableIRQ
    tim.o(i.HAL_TIM_MspPostInit) refers to stm32f1xx_hal_gpio.o(i.HAL_GPIO_Init) for HAL_GPIO_Init
    tim.o(i.MX_TIM2_Init) refers to memseta.o(.text) for __aeabi_memclr4
    tim.o(i.MX_TIM2_Init) refers to stm32f1xx_hal_tim.o(i.HAL_TIM_Base_Init) for HAL_TIM_Base_Init
    tim.o(i.MX_TIM2_Init) refers to main.o(i.Error_Handler) for Error_Handler
    tim.o(i.MX_TIM2_Init) refers to stm32f1xx_hal_tim.o(i.HAL_TIM_ConfigClockSource) for HAL_TIM_ConfigClockSource
    tim.o(i.MX_TIM2_Init) refers to stm32f1xx_hal_tim.o(i.HAL_TIM_PWM_Init) for HAL_TIM_PWM_Init
    tim.o(i.MX_TIM2_Init) refers to stm32f1xx_hal_tim_ex.o(i.HAL_TIMEx_MasterConfigSynchronization) for HAL_TIMEx_MasterConfigSynchronization
[...]
    ../clib/microlib/init/entry.s            0x00000000   Number         0  entry5.o ABSOLUTE
    ../clib/microlib/init/entry.s            0x00000000   Number         0  entry11b.o ABSOLUTE
    ../clib/microlib/longlong.c              0x00000000   Number         0  llshl.o ABSOLUTE
    ../clib/microlib/longlong.c              0x00000000   Number         0  llsshr.o ABSOLUTE
    ../clib/microlib/longlong.c              0x00000000   Number         0  llushr.o ABSOLUTE
    ../clib/microlib/printf/printf.c         0x00000000   Number         0  printf2.o ABSOLUTE
    ../clib/microlib/printf/printf.c         0x00000000   Number         0  printf3.o ABSOLUTE
    ../clib/microlib/printf/printf.c         0x00000000   Number         0  printf4.o ABSOLUTE
    ../clib/microlib/printf/printf.c         0x00000000   Number         0  printf5.o ABSOLUTE
    ../clib/microlib/printf/printf.c         0x00000000   Number         0  printf6.o ABSOLUTE
    ../clib/microlib/printf/printf.c         0x00000000   Number         0  printf7.o ABSOLUTE
    ../clib/microlib/printf/printf.c         0x00000000   Number         0  printfa.o ABSOLUTE
    ../clib/microlib/printf/printf.c         0x00000000   Number         0  printf8.o ABSOLUTE
    ../clib/microlib/printf/printf.c         0x00000000   Number         0  printf1.o ABSOLUTE
    ../clib/microlib/printf/printf.c         0x00000000   Number         0  printf0.o ABSOLUTE
    ../clib/microlib/printf/printf.c         0x00000000   Number         0  printfb.o ABSOLUTE
    ../clib/microlib/printf/stubs.s          0x00000000   Number         0  stubs.o ABSOLUTE
    ../clib/microlib/stdio/fputc.c           0x00000000   Number         0  fputc.o ABSOLUTE
    ../clib/microlib/stdio/semi.s            0x00000000   Number         0  semi.o ABSOLUTE
    ../clib/microlib/stdio/streams.c         0x00000000   Number         0  stdout.o ABSOLUTE
    ../clib/microlib/string/memcmp.c         0x00000000   Number         0  memcmp.o ABSOLUTE
    ../clib/microlib/string/memset.c         0x00000000   Number         0  memseta.o ABSOLUTE
    ../clib/microlib/stubs.s                 0x00000000   Number         0  iusefp.o ABSOLUTE
    ../clib/microlib/stubs.s                 0x00000000   Number         0  iusesemip.o ABSOLUTE
    ../fplib/microlib/d2f.c                  0x00000000   Number         0  d2f.o ABSOLUTE
    ../fplib/microlib/f2d.c                  0x00000000   Number         0  f2d.o ABSOLUTE
    ../fplib/microlib/fpadd.c                0x00000000   Number         0  dadd.o ABSOLUTE
    ../fplib/microlib/fpadd.c                0x00000000   Number         0  fadd.o ABSOLUTE
    ../fplib/microlib/fpdiv.c                0x00000000   Number         0  ddiv.o ABSOLUTE
    ../fplib/microlib/fpdiv.c                0x00000000   Number         0  fdiv.o ABSOLUTE
    ../fplib/microlib/fpepilogue.c           0x00000000   Number         0  fepilogue.o ABSOLUTE
    ../fplib/microlib/fpepilogue.c           0x00000000   Number         0  depilogue.o ABSOLUTE
    ../fplib/microlib/fpfix.c                0x00000000   Number         0  ffixui.o ABSOLUTE
    ../fplib/microlib/fpfix.c                0x00000000   Number         0  dfixul.o ABSOLUTE
    ../fplib/microlib/fpfix.c                0x00000000   Number         0  ffixi.o ABSOLUTE
    ../fplib/microlib/fpflt.c                0x00000000   Number         0  fflti.o ABSOLUTE
    ../fplib/microlib/fpflt.c                0x00000000   Number         0  ffltui.o ABSOLUTE
    ../fplib/microlib/fpmul.c                0x00000000   Number         0  fmul.o ABSOLUTE
    ../fplib/microlib/fpmul.c                0x00000000   Number         0  dmul.o ABSOLUTE
    ../fplib/microlib/fpscalb.c              0x00000000   Number         0  fscalb.o ABSOLUTE
    ../fplib/microlib/fpscalb.c              0x00000000   Number         0  dscalb.o ABSOLUTE
    ../fplib/microlib/fpsqrt.c               0x00000000   Number         0  dsqrt.o ABSOLUTE
    ../mathlib/asin.c                        0x00000000   Number         0  asin.o ABSOLUTE
    ../mathlib/asin.c                        0x00000000   Number         0  asin_x.o ABSOLUTE
    ../mathlib/atan.c                        0x00000000   Number         0  atan_x.o ABSOLUTE
    ../mathlib/atan.c                        0x00000000   Number         0  atan.o ABSOLUTE
    ../mathlib/atan2.c                       0x00000000   Number         0  atan2.o ABSOLUTE
    ../mathlib/atan2.c                       0x00000000   Number         0  atan2_x.o ABSOLUTE
    ../mathlib/dunder.c                      0x00000000   Number         0  dunder.o ABSOLUTE
    ../mathlib/fpclassify.c                  0x00000000   Number         0  fpclassify.o ABSOLUTE
    ../mathlib/poly.c                        0x00000000   Number         0  poly.o ABSOLUTE
    ../mathlib/qnan.c                        0x00000000   Number         0  qnan.o ABSOLUTE
    ../mathlib/sqrt.c                        0x00000000   Number         0  sqrt.o ABSOLUTE
    ../mathlib/sqrt.c                        0x00000000   Number         0  sqrt_x.o ABSOLUTE
    ..\Core\DMP\MPU6050.c                    0x00000000   Number         0  mpu6050.o ABSOLUTE
    ..\Core\DMP\inv_mpu.c                    0x00000000   Number         0  inv_mpu.o ABSOLUTE
    ..\Core\DMP\inv_mpu_dmp_motion_driver.c  0x00000000   Number         0  inv_mpu_dmp_motion_driver.o ABSOLUTE
    ..\Core\Src\gpio.c                       0x00000000   Number         0  gpio.o ABSOLUTE
    ..\Core\Src\i2c.c                        0x00000000   Number         0  i2c.o ABSOLUTE
    ..\Core\Src\main.c                       0x00000000   Number         0  main.o ABSOLUTE
    ..\Core\Src\stm32f1xx_hal_msp.c          0x00000000   Number         0  stm32f1xx_hal_msp.o ABSOLUTE
    ..\Core\Src\stm32f1xx_it.c               0x00000000   Number         0  stm32f1xx_it.o ABSOLUTE
    ..\Core\Src\system_stm32f1xx.c           0x00000000   Number         0  system_stm32f1xx.o ABSOLUTE
    ..\Core\Src\tim.c                        0x00000000   Number         0  tim.o ABSOLUTE
    ..\Drivers\STM32F1xx_HAL_Driver\Src\stm32f1xx_hal.c 0x00000000   Number         0  stm32f1xx_hal.o ABSOLUTE
    ..\Drivers\STM32F1xx_HAL_Driver\Src\stm32f1xx_hal_cortex.c 0x00000000   Number         0  stm32f1xx_hal_cortex.o ABSOLUTE
    ..\Drivers\STM32F1xx_HAL_Driver\Src\stm32f1xx_hal_dma.c 0x00000000   Number         0  stm32f1xx_hal_dma.o ABSOLUTE
    ..\Drivers\STM32F1xx_HAL_Driver\Src\stm32f1xx_hal_exti.c 0x00000000   Number         0  stm32f1xx_hal_exti.o ABSOLUTE
    ..\Drivers\STM32F1xx_HAL_Driver\Src\stm32f1xx_hal_flash.c 0x00000000   Number         0  stm32f1xx_hal_flash.o ABSOLUTE
    ..\Drivers\STM32F1xx_HAL_Driver\Src\stm32f1xx_hal_flash_ex.c 0x00000000   Number         0  stm32f1xx_hal_flash_ex.o ABSOLUTE
    ..\Drivers\STM32F1xx_HAL_Driver\Src\stm32f1xx_hal_gpio.c 0x00000000   Number         0  stm32f1xx_hal_gpio.o ABSOLUTE
    ..\Drivers\STM32F1xx_HAL_Driver\Src\stm32f1xx_hal_gpio_ex.c 0x00000000   Number         0  stm32f1xx_hal_gpio_ex.o ABSOLUTE
    ..\Drivers\STM32F1xx_HAL_Driver\Src\stm32f1xx_hal_i2c.c 0x00000000   Number         0  stm32f1xx_hal_i2c.o ABSOLUTE
    ..\Drivers\STM32F1xx_HAL_Driver\Src\stm32f1xx_hal_pwr.c 0x00000000   Number         0  stm32f1xx_hal_pwr.o ABSOLUTE
    ..\Drivers\STM32F1xx_HAL_Driver\Src\stm32f1xx_hal_rcc.c 0x00000000   Number         0  stm32f1xx_hal_rcc.o ABSOLUTE
    ..\Drivers\STM32F1xx_HAL_Driver\Src\stm32f1xx_hal_rcc_ex.c 0x00000000   Number         0  stm32f1xx_hal_rcc_ex.o ABSOLUTE
    ..\Drivers\STM32F1xx_HAL_Driver\Src\stm32f1xx_hal_tim.c 0x00000000   Number         0  stm32f1xx_hal_tim.o ABSOLUTE
    ..\Drivers\STM32F1xx_HAL_Driver\Src\stm32f1xx_hal_tim_ex.c 0x00000000   Number         0  stm32f1xx_hal_tim_ex.o ABSOLUTE
    ..\\Core\\DMP\\MPU6050.c                 0x00000000   Number         0  mpu6050.o ABSOLUTE
    ..\\Core\\DMP\\inv_mpu.c                 0x00000000   Number         0  inv_mpu.o ABSOLUTE
    ..\\Core\\DMP\\inv_mpu_dmp_motion_driver.c 0x00000000   Number         0  inv_mpu_dmp_motion_driver.o ABSOLUTE
    cdcmple.s                                0x00000000   Number         0  cdcmple.o ABSOLUTE
    cdrcmple.s                               0x00000000   Number         0  cdrcmple.o ABSOLUTE
    dc.s                                     0x00000000   Number         0  dc.o ABSOLUTE
    handlers.s                               0x00000000   Number         0  handlers.o ABSOLUTE
    init.s                                   0x00000000   Number         0  init.o ABSOLUTE
    startup_stm32f103xb.s                    0x00000000   Number         0  startup_stm32f103xb.o ABSOLUTE
    RESET                                    0x08000000   Section      236  startup_stm32f103xb.o(RESET)
    .ARM.Collect$$$$00000000                 0x080000ec   Section        0  entry.o(.ARM.Collect$$$$00000000)
    .ARM.Collect$$$$00000001                 0x080000ec   Section        4  entry2.o(.ARM.Collect$$$$00000001)
    .ARM.Collect$$$$00000004                 0x080000f0   Section        4  entry5.o(.ARM.Collect$$$$00000004)
    .ARM.Collect$$$$00000008                 0x080000f4   Section        0  entry7b.o(.ARM.Collect$$$$00000008)
    .ARM.Collect$$$$0000000A                 0x080000f4   Section        0  entry8b.o(.ARM.Collect$$$$0000000A)
    .ARM.Collect$$$$0000000B                 0x080000f4   Section        8  entry9a.o(.ARM.Collect$$$$0000000B)
    .ARM.Collect$$$$0000000D                 0x080000fc   Section        0  entry10a.o(.ARM.Collect$$$$0000000D)
    .ARM.Collect$$$$0000000F                 0x080000fc   Section        0  entry11a.o(.ARM.Collect$$$$0000000F)
    .ARM.Collect$$$$00002712                 0x080000fc   Section        4  entry2.o(.ARM.Collect$$$$00002712)
    __lit__00000000                          0x080000fc   Data           4  entry2.o(.ARM.Collect$$$$00002712)
    .text                                    0x08000100   Section       36  startup_stm32f103xb.o(.text)
    .text                                    0x08000124   Section        0  ldiv.o(.text)
    .text                                    0x08000186   Section        0  llushr.o(.text)
    .text                                    0x080001a6   Section        0  memseta.o(.text)
    .text                                    0x080001ca   Section        0  memcmp.o(.text)
    .text                                    0x080001e4   Section        0  fadd.o(.text)
    .text                                    0x08000294   Section        0  fmul.o(.text)
    .text                                    0x080002f8   Section        0  fdiv.o(.text)
    .text                                    0x08000374   Section        0  fscalb.o(.text)
    .text                                    0x0800038c   Section        0  dmul.o(.text)
    .text                                    0x08000470   Section        0  fflti.o(.text)
    .text                                    0x08000482   Section        0  ffltui.o(.text)
    .text                                    0x0800048c   Section        0  ffixi.o(.text)
    .text                                    0x080004be   Section        0  ffixui.o(.text)
    .text                                    0x080004e6   Section        0  f2d.o(.text)
    .text                                    0x0800050c   Section        0  d2f.o(.text)
    .text                                    0x08000544   Section        0  uldiv.o(.text)
    .text                                    0x080005a6   Section        0  fepilogue.o(.text)
    .text                                    0x080005a6   Section        0  iusefp.o(.text)
    .text                                    0x08000614   Section        0  depilogue.o(.text)
    .text                                    0x080006ce   Section        0  dadd.o(.text)
    .text                                    0x0800081c   Section        0  ddiv.o(.text)
    .text                                    0x080008fa   Section        0  dscalb.o(.text)
    .text                                    0x08000928   Section       36  init.o(.text)
    .text                                    0x0800094c   Section        0  semi.o(.text)
    .text                                    0x0800094c   Section        0  llshl.o(.text)
    .text                                    0x0800096a   Section        0  llsshr.o(.text)
    .text                                    0x0800098e   Section        0  iusesemip.o(.text)
    .text                                    0x0800098e   Section        0  dsqrt.o(.text)
    i.BusFault_Handler                       0x08000a30   Section        0  stm32f1xx_it.o(i.BusFault_Handler)
    i.DMP_Init                               0x08000a34   Section        0  mpu6050.o(i.DMP_Init)
    i.DebugMon_Handler                       0x08000ad0   Section        0  stm32f1xx_it.o(i.DebugMon_Handler)
    i.Error_Handler                          0x08000ad2   Section        0  main.o(i.Error_Handler)
    i.HAL_Delay                              0x08000ad8   Section        0  stm32f1xx_hal.o(i.HAL_Delay)
    i.HAL_GPIO_Init                          0x08000afc   Section        0  stm32f1xx_hal_gpio.o(i.HAL_GPIO_Init)
    i.HAL_GetTick                            0x08000cdc   Section        0  stm32f1xx_hal.o(i.HAL_GetTick)
    i.HAL_I2C_Init                           0x08000ce8   Section        0  stm32f1xx_hal_i2c.o(i.HAL_I2C_Init)
    i.HAL_I2C_Mem_Read                       0x08000e70   Section        0  stm32f1xx_hal_i2c.o(i.HAL_I2C_Mem_Read)
    i.HAL_I2C_Mem_Write                      0x080010c0   Section        0  stm32f1xx_hal_i2c.o(i.HAL_I2C_Mem_Write)
    i.HAL_I2C_MspInit                        0x080011f0   Section        0  i2c.o(i.HAL_I2C_MspInit)
    i.HAL_IncTick                            0x0800124c   Section        0  stm32f1xx_hal.o(i.HAL_IncTick)
    i.HAL_Init                               0x0800125c   Section        0  stm32f1xx_hal.o(i.HAL_Init)
    i.HAL_InitTick                           0x08001280   Section        0  stm32f1xx_hal.o(i.HAL_InitTick)
    i.HAL_MspInit                            0x080012c0   Section        0  stm32f1xx_hal_msp.o(i.HAL_MspInit)
    i.HAL_NVIC_EnableIRQ                     0x080012fc   Section        0  stm32f1xx_hal_cortex.o(i.HAL_NVIC_EnableIRQ)
    i.HAL_NVIC_SetPriority                   0x08001318   Section        0  stm32f1xx_hal_cortex.o(i.HAL_NVIC_SetPriority)
    i.HAL_NVIC_SetPriorityGrouping           0x08001358   Section        0  stm32f1xx_hal_cortex.o(i.HAL_NVIC_SetPriorityGrouping)
    i.HAL_RCC_ClockConfig                    0x0800137c   Section        0  stm32f1xx_hal_rcc.o(i.HAL_RCC_ClockConfig)
    i.HAL_RCC_GetPCLK1Freq                   0x080014a8   Section        0  stm32f1xx_hal_rcc.o(i.HAL_RCC_GetPCLK1Freq)
    i.HAL_RCC_GetSysClockFreq                0x080014c8   Section        0  stm32f1xx_hal_rcc.o(i.HAL_RCC_GetSysClockFreq)
    i.HAL_RCC_OscConfig                      0x08001534   Section        0  stm32f1xx_hal_rcc.o(i.HAL_RCC_OscConfig)
    i.HAL_SYSTICK_Config                     0x08001854   Section        0  stm32f1xx_hal_cortex.o(i.HAL_SYSTICK_Config)
    i.HAL_TIMEx_BreakCallback                0x0800187c   Section        0  stm32f1xx_hal_tim_ex.o(i.HAL_TIMEx_BreakCallback)
    i.HAL_TIMEx_CommutCallback               0x0800187e   Section        0  stm32f1xx_hal_tim_ex.o(i.HAL_TIMEx_CommutCallback)
    i.HAL_TIMEx_MasterConfigSynchronization  0x08001880   Section        0  stm32f1xx_hal_tim_ex.o(i.HAL_TIMEx_MasterConfigSynchronization)
    i.HAL_TIM_Base_Init                      0x080018e8   Section        0  stm32f1xx_hal_tim.o(i.HAL_TIM_Base_Init)
    i.HAL_TIM_Base_MspInit                   0x08001944   Section        0  tim.o(i.HAL_TIM_Base_MspInit)
    i.HAL_TIM_Base_Start_IT                  0x0800197c   Section        0  stm32f1xx_hal_tim.o(i.HAL_TIM_Base_Start_IT)
    i.HAL_TIM_ConfigClockSource              0x080019d4   Section        0  stm32f1xx_hal_tim.o(i.HAL_TIM_ConfigClockSource)
    i.HAL_TIM_IC_CaptureCallback             0x08001aaa   Section        0  stm32f1xx_hal_tim.o(i.HAL_TIM_IC_CaptureCallback)
    i.HAL_TIM_IRQHandler                     0x08001aac   Section        0  stm32f1xx_hal_tim.o(i.HAL_TIM_IRQHandler)
    i.HAL_TIM_MspPostInit                    0x08001c14   Section        0  tim.o(i.HAL_TIM_MspPostInit)
    i.HAL_TIM_OC_DelayElapsedCallback        0x08001c5c   Section        0  stm32f1xx_hal_tim.o(i.HAL_TIM_OC_DelayElapsedCallback)
    i.HAL_TIM_PWM_ConfigChannel              0x08001c5e   Section        0  stm32f1xx_hal_tim.o(i.HAL_TIM_PWM_ConfigChannel)
    i.HAL_TIM_PWM_Init                       0x08001d24   Section        0  stm32f1xx_hal_tim.o(i.HAL_TIM_PWM_Init)
    i.HAL_TIM_PWM_MspInit                    0x08001d7e   Section        0  stm32f1xx_hal_tim.o(i.HAL_TIM_PWM_MspInit)
    i.HAL_TIM_PWM_PulseFinishedCallback      0x08001d80   Section        0  stm32f1xx_hal_tim.o(i.HAL_TIM_PWM_PulseFinishedCallback)
    i.HAL_TIM_PWM_Start                      0x08001d84   Section        0  stm32f1xx_hal_tim.o(i.HAL_TIM_PWM_Start)
    i.HAL_TIM_PeriodElapsedCallback          0x08001e20   Section        0  main.o(i.HAL_TIM_PeriodElapsedCallback)
    i.HAL_TIM_TriggerCallback                0x08001e74   Section        0  stm32f1xx_hal_tim.o(i.HAL_TIM_TriggerCallback)
    i.HardFault_Handler                      0x08001e76   Section        0  stm32f1xx_it.o(i.HardFault_Handler)
    i.I2C_IsAcknowledgeFailed                0x08001e78   Section        0  stm32f1xx_hal_i2c.o(i.I2C_IsAcknowledgeFailed)
    I2C_IsAcknowledgeFailed                  0x08001e79   Thumb Code    46  stm32f1xx_hal_i2c.o(i.I2C_IsAcknowledgeFailed)
    i.I2C_RequestMemoryRead                  0x08001ea8   Section        0  stm32f1xx_hal_i2c.o(i.I2C_RequestMemoryRead)
    I2C_RequestMemoryRead                    0x08001ea9   Thumb Code   246  stm32f1xx_hal_i2c.o(i.I2C_RequestMemoryRead)
    i.I2C_RequestMemoryWrite                 0x08001fa4   Section        0  stm32f1xx_hal_i2c.o(i.I2C_RequestMemoryWrite)
    I2C_RequestMemoryWrite                   0x08001fa5   Thumb Code   162  stm32f1xx_hal_i2c.o(i.I2C_RequestMemoryWrite)
    i.I2C_WaitOnBTFFlagUntilTimeout          0x0800204c   Section        0  stm32f1xx_hal_i2c.o(i.I2C_WaitOnBTFFlagUntilTimeout)
    I2C_WaitOnBTFFlagUntilTimeout            0x0800204d   Thumb Code    76  stm32f1xx_hal_i2c.o(i.I2C_WaitOnBTFFlagUntilTimeout)
    i.I2C_WaitOnFlagUntilTimeout             0x08002098   Section        0  stm32f1xx_hal_i2c.o(i.I2C_WaitOnFlagUntilTimeout)
    I2C_WaitOnFlagUntilTimeout               0x08002099   Thumb Code   104  stm32f1xx_hal_i2c.o(i.I2C_WaitOnFlagUntilTimeout)
    i.I2C_WaitOnMasterAddressFlagUntilTimeout 0x08002100   Section        0  stm32f1xx_hal_i2c.o(i.I2C_WaitOnMasterAddressFlagUntilTimeout)
    I2C_WaitOnMasterAddressFlagUntilTimeout  0x08002101   Thumb Code   150  stm32f1xx_hal_i2c.o(i.I2C_WaitOnMasterAddressFlagUntilTimeout)
    i.I2C_WaitOnRXNEFlagUntilTimeout         0x08002196   Section        0  stm32f1xx_hal_i2c.o(i.I2C_WaitOnRXNEFlagUntilTimeout)
    I2C_WaitOnRXNEFlagUntilTimeout           0x08002197   Thumb Code   102  stm32f1xx_hal_i2c.o(i.I2C_WaitOnRXNEFlagUntilTimeout)
    i.I2C_WaitOnTXEFlagUntilTimeout          0x080021fc   Section        0  stm32f1xx_hal_i2c.o(i.I2C_WaitOnTXEFlagUntilTimeout)
    I2C_WaitOnTXEFlagUntilTimeout            0x080021fd   Thumb Code    76  stm32f1xx_hal_i2c.o(i.I2C_WaitOnTXEFlagUntilTimeout)
    i.LED_B                                  0x08002248   Section        0  main.o(i.LED_B)
    i.LED_G                                  0x08002270   Section        0  main.o(i.LED_G)
    i.MX_GPIO_Init                           0x08002298   Section        0  gpio.o(i.MX_GPIO_Init)
    i.MX_I2C1_Init                           0x080022d4   Section        0  i2c.o(i.MX_I2C1_Init)
    i.MX_TIM2_Init                           0x08002314   Section        0  tim.o(i.MX_TIM2_Init)
    i.MemManage_Handler                      0x080023b8   Section        0  stm32f1xx_it.o(i.MemManage_Handler)
    i.NMI_Handler                            0x080023ba   Section        0  stm32f1xx_it.o(i.NMI_Handler)
    i.PendSV_Handler                         0x080023bc   Section        0  stm32f1xx_it.o(i.PendSV_Handler)
    i.Read_DMP                               0x080023c0   Section        0  mpu6050.o(i.Read_DMP)
    i.SVC_Handler                            0x08002584   Section        0  stm32f1xx_it.o(i.SVC_Handler)
    i.SysTick_Handler                        0x08002586   Section        0  stm32f1xx_it.o(i.SysTick_Handler)
    i.SystemClock_Config                     0x0800258a   Section        0  main.o(i.SystemClock_Config)
    i.SystemInit                             0x080025e8   Section        0  system_stm32f1xx.o(i.SystemInit)
    i.TIM2_IRQHandler                        0x080025ec   Section        0  stm32f1xx_it.o(i.TIM2_IRQHandler)
    i.TIM_Base_SetConfig                     0x080025f8   Section        0  stm32f1xx_hal_tim.o(i.TIM_Base_SetConfig)
    i.TIM_CCxChannelCmd                      0x08002664   Section        0  stm32f1xx_hal_tim.o(i.TIM_CCxChannelCmd)
    i.TIM_ETR_SetConfig                      0x0800267e   Section        0  stm32f1xx_hal_tim.o(i.TIM_ETR_SetConfig)
    i.TIM_ITRx_SetConfig                     0x08002692   Section        0  stm32f1xx_hal_tim.o(i.TIM_ITRx_SetConfig)
    TIM_ITRx_SetConfig                       0x08002693   Thumb Code    16  stm32f1xx_hal_tim.o(i.TIM_ITRx_SetConfig)
    i.TIM_OC1_SetConfig                      0x080026a4   Section        0  stm32f1xx_hal_tim.o(i.TIM_OC1_SetConfig)
    TIM_OC1_SetConfig                        0x080026a5   Thumb Code    74  stm32f1xx_hal_tim.o(i.TIM_OC1_SetConfig)
    i.TIM_OC2_SetConfig                      0x080026f4   Section        0  stm32f1xx_hal_tim.o(i.TIM_OC2_SetConfig)
    i.TIM_OC3_SetConfig                      0x0800274c   Section        0  stm32f1xx_hal_tim.o(i.TIM_OC3_SetConfig)
    TIM_OC3_SetConfig                        0x0800274d   Thumb Code    82  stm32f1xx_hal_tim.o(i.TIM_OC3_SetConfig)
    i.TIM_OC4_SetConfig                      0x080027a4   Section        0  stm32f1xx_hal_tim.o(i.TIM_OC4_SetConfig)
    TIM_OC4_SetConfig                        0x080027a5   Thumb Code    64  stm32f1xx_hal_tim.o(i.TIM_OC4_SetConfig)
    i.TIM_TI1_ConfigInputStage               0x080027e8   Section        0  stm32f1xx_hal_tim.o(i.TIM_TI1_ConfigInputStage)
    TIM_TI1_ConfigInputStage                 0x080027e9   Thumb Code    34  stm32f1xx_hal_tim.o(i.TIM_TI1_ConfigInputStage)
    i.TIM_TI2_ConfigInputStage               0x0800280a   Section        0  stm32f1xx_hal_tim.o(i.TIM_TI2_ConfigInputStage)
    TIM_TI2_ConfigInputStage                 0x0800280b   Thumb Code    36  stm32f1xx_hal_tim.o(i.TIM_TI2_ConfigInputStage)
    i.UsageFault_Handler                     0x0800282e   Section        0  stm32f1xx_it.o(i.UsageFault_Handler)
    i.__0printf$8                            0x08002830   Section        0  printf8.o(i.__0printf$8)
    i.__ARM_fpclassify                       0x08002850   Section        0  fpclassify.o(i.__ARM_fpclassify)
    i.__NVIC_SetPriority                     0x08002878   Section        0  stm32f1xx_hal_cortex.o(i.__NVIC_SetPriority)
    __NVIC_SetPriority                       0x08002879   Thumb Code    32  stm32f1xx_hal_cortex.o(i.__NVIC_SetPriority)
    i.__kernel_poly                          0x08002898   Section        0  poly.o(i.__kernel_poly)
    i.__mathlib_dbl_infnan                   0x08002942   Section        0  dunder.o(i.__mathlib_dbl_infnan)
    i.__mathlib_dbl_infnan2                  0x08002948   Section        0  dunder.o(i.__mathlib_dbl_infnan2)
    i.__mathlib_dbl_invalid                  0x0800294c   Section        0  dunder.o(i.__mathlib_dbl_invalid)
    i.__mathlib_dbl_underflow                0x08002958   Section        0  dunder.o(i.__mathlib_dbl_underflow)
    i.__scatterload_copy                     0x08002968   Section       14  handlers.o(i.__scatterload_copy)
    i.__scatterload_null                     0x08002976   Section        2  handlers.o(i.__scatterload_null)
    i.__scatterload_zeroinit                 0x08002978   Section       14  handlers.o(i.__scatterload_zeroinit)
    i.__set_errno                            0x08002988   Section        0  errno.o(i.__set_errno)
    i._printf_core                           0x08002994   Section        0  printf8.o(i._printf_core)
    _printf_core                             0x08002995   Thumb Code   996  printf8.o(i._printf_core)
    i._printf_post_padding                   0x08002da4   Section        0  printf8.o(i._printf_post_padding)
    _printf_post_padding                     0x08002da5   Thumb Code    36  printf8.o(i._printf_post_padding)
    i._printf_pre_padding                    0x08002dc8   Section        0  printf8.o(i._printf_pre_padding)
    _printf_pre_padding                      0x08002dc9   Thumb Code    46  printf8.o(i._printf_pre_padding)
    i.accel_self_test                        0x08002df8   Section        0  inv_mpu.o(i.accel_self_test)
    accel_self_test                          0x08002df9   Thumb Code   114  inv_mpu.o(i.accel_self_test)
    i.asin                                   0x08002e78   Section        0  asin.o(i.asin)
    i.atan                                   0x080030e8   Section        0  atan.o(i.atan)
    i.atan2                                  0x08003308   Section        0  atan2.o(i.atan2)
    i.dmp_enable_6x_lp_quat                  0x08003488   Section        0  inv_mpu_dmp_motion_driver.o(i.dmp_enable_6x_lp_quat)
    i.dmp_enable_feature                     0x080034c4   Section        0  inv_mpu_dmp_motion_driver.o(i.dmp_enable_feature)
    i.dmp_enable_gyro_cal                    0x0800369c   Section        0  inv_mpu_dmp_motion_driver.o(i.dmp_enable_gyro_cal)
    i.dmp_enable_lp_quat                     0x080036d8   Section        0  inv_mpu_dmp_motion_driver.o(i.dmp_enable_lp_quat)
    i.dmp_load_motion_driver_firmware        0x08003714   Section        0  inv_mpu_dmp_motion_driver.o(i.dmp_load_motion_driver_firmware)
    i.dmp_read_fifo                          0x08003728   Section        0  inv_mpu_dmp_motion_driver.o(i.dmp_read_fifo)
    i.dmp_set_accel_bias                     0x0800386c   Section        0  inv_mpu_dmp_motion_driver.o(i.dmp_set_accel_bias)
    i.dmp_set_fifo_rate                      0x08003944   Section        0  inv_mpu_dmp_motion_driver.o(i.dmp_set_fifo_rate)
    i.dmp_set_gyro_bias                      0x080039a8   Section        0  inv_mpu_dmp_motion_driver.o(i.dmp_set_gyro_bias)
    i.dmp_set_orientation                    0x08003a74   Section        0  inv_mpu_dmp_motion_driver.o(i.dmp_set_orientation)
    i.dmp_set_shake_reject_thresh            0x08003b80   Section        0  inv_mpu_dmp_motion_driver.o(i.dmp_set_shake_reject_thresh)
    i.dmp_set_shake_reject_time              0x08003bb0   Section        0  inv_mpu_dmp_motion_driver.o(i.dmp_set_shake_reject_time)
    i.dmp_set_shake_reject_timeout           0x08003bd0   Section        0  inv_mpu_dmp_motion_driver.o(i.dmp_set_shake_reject_timeout)
    i.dmp_set_tap_axes                       0x08003bf0   Section        0  inv_mpu_dmp_motion_driver.o(i.dmp_set_tap_axes)
    i.dmp_set_tap_count                      0x08003c30   Section        0  inv_mpu_dmp_motion_driver.o(i.dmp_set_tap_count)
    i.dmp_set_tap_thresh                     0x08003c54   Section        0  inv_mpu_dmp_motion_driver.o(i.dmp_set_tap_thresh)
    i.dmp_set_tap_time                       0x08003d7c   Section        0  inv_mpu_dmp_motion_driver.o(i.dmp_set_tap_time)
    i.dmp_set_tap_time_multi                 0x08003d9c   Section        0  inv_mpu_dmp_motion_driver.o(i.dmp_set_tap_time_multi)
    i.fputc                                  0x08003dbc   Section        0  fputc.o(i.fputc)
    i.get_accel_prod_shift                   0x08003dd0   Section        0  inv_mpu.o(i.get_accel_prod_shift)
    get_accel_prod_shift                     0x08003dd1   Thumb Code   170  inv_mpu.o(i.get_accel_prod_shift)
    i.get_st_biases                          0x08003e8c   Section        0  inv_mpu.o(i.get_st_biases)
    get_st_biases                            0x08003e8d   Thumb Code  1016  inv_mpu.o(i.get_st_biases)
    i.gyro_self_test                         0x0800428c   Section        0  inv_mpu.o(i.gyro_self_test)
    gyro_self_test                           0x0800428d   Thumb Code   202  inv_mpu.o(i.gyro_self_test)
    i.inv_row_2_scale                        0x08004370   Section        0  mpu6050.o(i.inv_row_2_scale)
    inv_row_2_scale                          0x08004371   Thumb Code    72  mpu6050.o(i.inv_row_2_scale)
    i.main                                   0x080043b8   Section        0  main.o(i.main)
    i.mpu_configure_fifo                     0x0800441c   Section        0  inv_mpu.o(i.mpu_configure_fifo)
    i.mpu_get_accel_fsr                      0x08004470   Section        0  inv_mpu.o(i.mpu_get_accel_fsr)
    i.mpu_get_accel_sens                     0x080044ac   Section        0  inv_mpu.o(i.mpu_get_accel_sens)
    i.mpu_get_gyro_fsr                       0x080044f0   Section        0  inv_mpu.o(i.mpu_get_gyro_fsr)
    i.mpu_get_gyro_sens                      0x08004524   Section        0  inv_mpu.o(i.mpu_get_gyro_sens)
    i.mpu_get_lpf                            0x08004564   Section        0  inv_mpu.o(i.mpu_get_lpf)
    i.mpu_get_sample_rate                    0x0800459c   Section        0  inv_mpu.o(i.mpu_get_sample_rate)
    i.mpu_init                               0x080045b8   Section        0  inv_mpu.o(i.mpu_init)
    i.mpu_load_firmware                      0x08004770   Section        0  inv_mpu.o(i.mpu_load_firmware)
    i.mpu_lp_accel_mode                      0x0800481c   Section        0  inv_mpu.o(i.mpu_lp_accel_mode)
    i.mpu_read_fifo_stream                   0x080048ec   Section        0  inv_mpu.o(i.mpu_read_fifo_stream)
    i.mpu_read_mem                           0x080049a8   Section        0  inv_mpu.o(i.mpu_read_mem)
    i.mpu_reset_fifo                         0x08004a18   Section        0  inv_mpu.o(i.mpu_reset_fifo)
    i.mpu_run_self_test                      0x08004bcc   Section        0  inv_mpu.o(i.mpu_run_self_test)
    i.mpu_set_accel_fsr                      0x08004cbc   Section        0  inv_mpu.o(i.mpu_set_accel_fsr)
    i.mpu_set_bypass                         0x08004d34   Section        0  inv_mpu.o(i.mpu_set_bypass)
    i.mpu_set_dmp_state                      0x08004e60   Section        0  inv_mpu.o(i.mpu_set_dmp_state)
    i.mpu_set_gyro_fsr                       0x08004ef0   Section        0  inv_mpu.o(i.mpu_set_gyro_fsr)
    i.mpu_set_int_latched                    0x08004f6c   Section        0  inv_mpu.o(i.mpu_set_int_latched)
    i.mpu_set_lpf                            0x08004fe0   Section        0  inv_mpu.o(i.mpu_set_lpf)
    i.mpu_set_sample_rate                    0x08005060   Section        0  inv_mpu.o(i.mpu_set_sample_rate)
    i.mpu_set_sensors                        0x080050f4   Section        0  inv_mpu.o(i.mpu_set_sensors)
    i.mpu_write_mem                          0x080051d0   Section        0  inv_mpu.o(i.mpu_write_mem)
    i.myget_ms                               0x08005240   Section        0  inv_mpu.o(i.myget_ms)
    i.run_self_test                          0x08005242   Section        0  mpu6050.o(i.run_self_test)
    run_self_test                            0x08005243   Thumb Code   120  mpu6050.o(i.run_self_test)
    i.set_int_enable                         0x080052bc   Section        0  inv_mpu.o(i.set_int_enable)
    set_int_enable                           0x080052bd   Thumb Code   110  inv_mpu.o(i.set_int_enable)
    i.sqrt                                   0x08005334   Section        0  sqrt.o(i.sqrt)
    .constdata                               0x08005380   Section       16  system_stm32f1xx.o(.constdata)
    .constdata                               0x08005390   Section        8  system_stm32f1xx.o(.constdata)
    .constdata                               0x08005398   Section       27  inv_mpu.o(.constdata)
    .constdata                               0x080053b4   Section       12  inv_mpu.o(.constdata)
    .constdata                               0x080053c0   Section       40  inv_mpu.o(.constdata)
    .constdata                               0x080053e8   Section     3062  inv_mpu_dmp_motion_driver.o(.constdata)
    dmp_memory                               0x080053e8   Data        3062  inv_mpu_dmp_motion_driver.o(.constdata)
    .constdata                               0x08005fe0   Section       80  asin.o(.constdata)
    pS                                       0x08005fe0   Data          48  asin.o(.constdata)
    qS                                       0x08006010   Data          32  asin.o(.constdata)
    .constdata                               0x08006030   Section      152  atan.o(.constdata)
    atanhi                                   0x08006030   Data          32  atan.o(.constdata)
    atanlo                                   0x08006050   Data          32  atan.o(.constdata)
    aTodd                                    0x08006070   Data          40  atan.o(.constdata)
    aTeven                                   0x08006098   Data          48  atan.o(.constdata)
    .constdata                               0x080060c8   Section        8  qnan.o(.constdata)
    .conststring                             0x080060d0   Section       77  inv_mpu.o(.conststring)
    .data                                    0x20000000   Section       36  main.o(.data)
    .data                                    0x20000024   Section       12  stm32f1xx_hal.o(.data)
    .data                                    0x20000030   Section        4  system_stm32f1xx.o(.data)
    .data                                    0x20000034   Section       44  inv_mpu.o(.data)
    st                                       0x20000034   Data          44  inv_mpu.o(.data)
    .data                                    0x20000060   Section       41  mpu6050.o(.data)
    gyro_orientation                         0x20000080   Data           9  mpu6050.o(.data)
    .data                                    0x2000008c   Section        4  stdout.o(.data)
    .data                                    0x20000090   Section        4  errno.o(.data)
    _errno                                   0x20000090   Data           4  errno.o(.data)
    .bss                                     0x20000094   Section       84  i2c.o(.bss)
    .bss                                     0x200000e8   Section       72  tim.o(.bss)
    .bss                                     0x20000130   Section       16  inv_mpu_dmp_motion_driver.o(.bss)
    dmp                                      0x20000130   Data          16  inv_mpu_dmp_motion_driver.o(.bss)
    STACK                                    0x20000140   Section     1024  startup_stm32f103xb.o(STACK)

    Global Symbols

    Symbol Name                              Value     Ov Type        Size  Object(Section)

    BuildAttributes$$THM_ISAv4$P$D$K$B$S$PE$A:L22UL41UL21$X:L11$S22US41US21$IEEE1$IW$USESV6$~STKCKD$USESV7$~SHL$OTIME$ROPI$IEEEX$EBA8$MICROLIB$REQ8$PRES8$EABIv2 0x00000000   Number         0  anon$$obj.o ABSOLUTE
    __ARM_use_no_argv                        0x00000000   Number         0  main.o ABSOLUTE
    _printf_a                                0x00000000   Number         0  stubs.o ABSOLUTE
    _printf_c                                0x00000000   Number         0  stubs.o ABSOLUTE
    _printf_charcount                        0x00000000   Number         0  stubs.o ABSOLUTE
    _printf_d                                0x00000000   Number         0  stubs.o ABSOLUTE
    _printf_e                                0x00000000   Number         0  stubs.o ABSOLUTE
    _printf_f                                0x00000000   Number         0  stubs.o ABSOLUTE
    _printf_flags                            0x00000000   Number         0  stubs.o ABSOLUTE
    _printf_fp_dec                           0x00000000   Number         0  stubs.o ABSOLUTE
    _printf_fp_hex                           0x00000000   Number         0  stubs.o ABSOLUTE
    _printf_g                                0x00000000   Number         0  stubs.o ABSOLUTE
    _printf_i                                0x00000000   Number         0  stubs.o ABSOLUTE
    _printf_int_dec                          0x00000000   Number         0  stubs.o ABSOLUTE
    _printf_l                                0x00000000   Number         0  stubs.o ABSOLUTE
    _printf_lc                               0x00000000   Number         0  stubs.o ABSOLUTE
    _printf_ll                               0x00000000   Number         0  stubs.o ABSOLUTE
    _printf_lld                              0x00000000   Number         0  stubs.o ABSOLUTE
    _printf_lli                              0x00000000   Number         0  stubs.o ABSOLUTE
    _printf_llo                              0x00000000   Number         0  stubs.o ABSOLUTE
    _printf_llu                              0x00000000   Number         0  stubs.o ABSOLUTE
    _printf_llx                              0x00000000   Number         0  stubs.o ABSOLUTE
    _printf_longlong_dec                     0x00000000   Number         0  stubs.o ABSOLUTE
    _printf_longlong_hex                     0x00000000   Number         0  stubs.o ABSOLUTE
    _printf_longlong_oct                     0x00000000   Number         0  stubs.o ABSOLUTE
    _printf_ls                               0x00000000   Number         0  stubs.o ABSOLUTE
    _printf_mbtowc                           0x00000000   Number         0  stubs.o ABSOLUTE
    _printf_n                                0x00000000   Number         0  stubs.o ABSOLUTE
    _printf_o                                0x00000000   Number         0  stubs.o ABSOLUTE
    _printf_p                                0x00000000   Number         0  stubs.o ABSOLUTE
    _printf_percent                          0x00000000   Number         0  stubs.o ABSOLUTE
    _printf_pre_padding                      0x00000000   Number         0  stubs.o ABSOLUTE
    _printf_return_value                     0x00000000   Number         0  stubs.o ABSOLUTE
    _printf_s                                0x00000000   Number         0  stubs.o ABSOLUTE
    _printf_sizespec                         0x00000000   Number         0  stubs.o ABSOLUTE
    _printf_str                              0x00000000   Number         0  stubs.o ABSOLUTE
    _printf_truncate_signed                  0x00000000   Number         0  stubs.o ABSOLUTE
    _printf_truncate_unsigned                0x00000000   Number         0  stubs.o ABSOLUTE
    _printf_u                                0x00000000   Number         0  stubs.o ABSOLUTE
    _printf_wc                               0x00000000   Number         0  stubs.o ABSOLUTE
    _printf_wctomb                           0x00000000   Number         0  stubs.o ABSOLUTE
    _printf_widthprec                        0x00000000   Number         0  stubs.o ABSOLUTE
    _printf_x                                0x00000000   Number         0  stubs.o ABSOLUTE
    __cpp_initialize__aeabi_                  - Undefined Weak Reference
    __cxa_finalize                            - Undefined Weak Reference
    __decompress                              - Undefined Weak Reference
    _clock_init                               - Undefined Weak Reference
    _microlib_exit                            - Undefined Weak Reference
    __Vectors_Size                           0x000000ec   Number         0  startup_stm32f103xb.o ABSOLUTE
    __Vectors                                0x08000000   Data           4  startup_stm32f103xb.o(RESET)
    __Vectors_End                            0x080000ec   Data           0  startup_stm32f103xb.o(RESET)
    __main                                   0x080000ed   Thumb Code     0  entry.o(.ARM.Collect$$$$00000000)
    _main_stk                                0x080000ed   Thumb Code     0  entry2.o(.ARM.Collect$$$$00000001)
    _main_scatterload                        0x080000f1   Thumb Code     0  entry5.o(.ARM.Collect$$$$00000004)
    __main_after_scatterload                 0x080000f5   Thumb Code     0  entry5.o(.ARM.Collect$$$$00000004)
    _main_clock                              0x080000f5   Thumb Code     0  entry7b.o(.ARM.Collect$$$$00000008)
    _main_cpp_init                           0x080000f5   Thumb Code     0  entry8b.o(.ARM.Collect$$$$0000000A)
    _main_init                               0x080000f5   Thumb Code     0  entry9a.o(.ARM.Collect$$$$0000000B)
    __rt_final_cpp                           0x080000fd   Thumb Code     0  entry10a.o(.ARM.Collect$$$$0000000D)
    __rt_final_exit                          0x080000fd   Thumb Code     0  entry11a.o(.ARM.Collect$$$$0000000F)
    Reset_Handler                            0x08000101   Thumb Code     8  startup_stm32f103xb.o(.text)
    ADC1_2_IRQHandler                        0x0800011b   Thumb Code     0  startup_stm32f103xb.o(.text)
    CAN1_RX1_IRQHandler                      0x0800011b   Thumb Code     0  startup_stm32f103xb.o(.text)
    CAN1_SCE_IRQHandler                      0x0800011b   Thumb Code     0  startup_stm32f103xb.o(.text)
    DMA1_Channel1_IRQHandler                 0x0800011b   Thumb Code     0  startup_stm32f103xb.o(.text)
    DMA1_Channel2_IRQHandler                 0x0800011b   Thumb Code     0  startup_stm32f103xb.o(.text)
    DMA1_Channel3_IRQHandler                 0x0800011b   Thumb Code     0  startup_stm32f103xb.o(.text)
    DMA1_Channel4_IRQHandler                 0x0800011b   Thumb Code     0  startup_stm32f103xb.o(.text)
    DMA1_Channel5_IRQHandler                 0x0800011b   Thumb Code     0  startup_stm32f103xb.o(.text)
    DMA1_Channel6_IRQHandler                 0x0800011b   Thumb Code     0  startup_stm32f103xb.o(.text)
    DMA1_Channel7_IRQHandler                 0x0800011b   Thumb Code     0  startup_stm32f103xb.o(.text)
    EXTI0_IRQHandler                         0x0800011b   Thumb Code     0  startup_stm32f103xb.o(.text)
    EXTI15_10_IRQHandler                     0x0800011b   Thumb Code     0  startup_stm32f103xb.o(.text)
    EXTI1_IRQHandler                         0x0800011b   Thumb Code     0  startup_stm32f103xb.o(.text)
    EXTI2_IRQHandler                         0x0800011b   Thumb Code     0  startup_stm32f103xb.o(.text)
    EXTI3_IRQHandler                         0x0800011b   Thumb Code     0  startup_stm32f103xb.o(.text)
    EXTI4_IRQHandler                         0x0800011b   Thumb Code     0  startup_stm32f103xb.o(.text)
    EXTI9_5_IRQHandler                       0x0800011b   Thumb Code     0  startup_stm32f103xb.o(.text)
    FLASH_IRQHandler                         0x0800011b   Thumb Code     0  startup_stm32f103xb.o(.text)
    I2C1_ER_IRQHandler                       0x0800011b   Thumb Code     0  startup_stm32f103xb.o(.text)
    I2C1_EV_IRQHandler                       0x0800011b   Thumb Code     0  startup_stm32f103xb.o(.text)
    I2C2_ER_IRQHandler                       0x0800011b   Thumb Code     0  startup_stm32f103xb.o(.text)
    I2C2_EV_IRQHandler                       0x0800011b   Thumb Code     0  startup_stm32f103xb.o(.text)
    PVD_IRQHandler                           0x0800011b   Thumb Code     0  startup_stm32f103xb.o(.text)
    RCC_IRQHandler                           0x0800011b   Thumb Code     0  startup_stm32f103xb.o(.text)
    RTC_Alarm_IRQHandler                     0x0800011b   Thumb Code     0  startup_stm32f103xb.o(.text)
    RTC_IRQHandler                           0x0800011b   Thumb Code     0  startup_stm32f103xb.o(.text)
    SPI1_IRQHandler                          0x0800011b   Thumb Code     0  startup_stm32f103xb.o(.text)
    SPI2_IRQHandler                          0x0800011b   Thumb Code     0  startup_stm32f103xb.o(.text)
    TAMPER_IRQHandler                        0x0800011b   Thumb Code     0  startup_stm32f103xb.o(.text)
    TIM1_BRK_IRQHandler                      0x0800011b   Thumb Code     0  startup_stm32f103xb.o(.text)
    TIM1_CC_IRQHandler                       0x0800011b   Thumb Code     0  startup_stm32f103xb.o(.text)
    TIM1_TRG_COM_IRQHandler                  0x0800011b   Thumb Code     0  startup_stm32f103xb.o(.text)
    TIM1_UP_IRQHandler                       0x0800011b   Thumb Code     0  startup_stm32f103xb.o(.text)
    TIM3_IRQHandler                          0x0800011b   Thumb Code     0  startup_stm32f103xb.o(.text)
    TIM4_IRQHandler                          0x0800011b   Thumb Code     0  startup_stm32f103xb.o(.text)
    USART1_IRQHandler                        0x0800011b   Thumb Code     0  startup_stm32f103xb.o(.text)
    USART2_IRQHandler                        0x0800011b   Thumb Code     0  startup_stm32f103xb.o(.text)
    USART3_IRQHandler                        0x0800011b   Thumb Code     0  startup_stm32f103xb.o(.text)
    USBWakeUp_IRQHandler                     0x0800011b   Thumb Code     0  startup_stm32f103xb.o(.text)
    USB_HP_CAN1_TX_IRQHandler                0x0800011b   Thumb Code     0  startup_stm32f103xb.o(.text)
    USB_LP_CAN1_RX0_IRQHandler               0x0800011b   Thumb Code     0  startup_stm32f103xb.o(.text)
    WWDG_IRQHandler                          0x0800011b   Thumb Code     0  startup_stm32f103xb.o(.text)
    __aeabi_ldivmod                          0x08000125   Thumb Code    98  ldiv.o(.text)
    __aeabi_llsr                             0x08000187   Thumb Code    32  llushr.o(.text)
    _ll_ushift_r                             0x08000187   Thumb Code     0  llushr.o(.text)
    __aeabi_memset                           0x080001a7   Thumb Code    14  memseta.o(.text)
    __aeabi_memset4                          0x080001a7   Thumb Code     0  memseta.o(.text)
    __aeabi_memset8                          0x080001a7   Thumb Code     0  memseta.o(.text)
    __aeabi_memclr                           0x080001b5   Thumb Code     4  memseta.o(.text)
    __aeabi_memclr4                          0x080001b5   Thumb Code     0  memseta.o(.text)
    __aeabi_memclr8                          0x080001b5   Thumb Code     0  memseta.o(.text)
    _memset$wrapper                          0x080001b9   Thumb Code    18  memseta.o(.text)
    memcmp                                   0x080001cb   Thumb Code    26  memcmp.o(.text)
    __aeabi_fadd                             0x080001e5   Thumb Code   164  fadd.o(.text)
    __aeabi_fsub                             0x08000289   Thumb Code     6  fadd.o(.text)
    __aeabi_frsub                            0x0800028f   Thumb Code     6  fadd.o(.text)
    __aeabi_fmul                             0x08000295   Thumb Code   100  fmul.o(.text)
    __aeabi_fdiv                             0x080002f9   Thumb Code   124  fdiv.o(.text)
    __ARM_scalbnf                            0x08000375   Thumb Code    24  fscalb.o(.text)
    scalbnf                                  0x08000375   Thumb Code     0  fscalb.o(.text)
    __aeabi_dmul                             0x0800038d   Thumb Code   228  dmul.o(.text)
    __aeabi_i2f                              0x08000471   Thumb Code    18  fflti.o(.text)
    __aeabi_ui2f                             0x08000483   Thumb Code    10  ffltui.o(.text)
    __aeabi_f2iz                             0x0800048d   Thumb Code    50  ffixi.o(.text)
    __aeabi_f2uiz                            0x080004bf   Thumb Code    40  ffixui.o(.text)
    __aeabi_f2d                              0x080004e7   Thumb Code    38  f2d.o(.text)
    __aeabi_d2f                              0x0800050d   Thumb Code    56  d2f.o(.text)
    __aeabi_uldivmod                         0x08000545   Thumb Code    98  uldiv.o(.text)
    __I$use$fp                               0x080005a7   Thumb Code     0  iusefp.o(.text)
    _float_round                             0x080005a7   Thumb Code    18  fepilogue.o(.text)
    _float_epilogue                          0x080005b9   Thumb Code    92  fepilogue.o(.text)
    _double_round                            0x08000615   Thumb Code    30  depilogue.o(.text)
    _double_epilogue                         0x08000633   Thumb Code   156  depilogue.o(.text)
    __aeabi_dadd                             0x080006cf   Thumb Code   322  dadd.o(.text)
    __aeabi_dsub                             0x08000811   Thumb Code     6  dadd.o(.text)
    __aeabi_drsub                            0x08000817   Thumb Code     6  dadd.o(.text)
    __aeabi_ddiv                             0x0800081d   Thumb Code   222  ddiv.o(.text)
    __ARM_scalbn                             0x080008fb   Thumb Code    46  dscalb.o(.text)
    scalbn                                   0x080008fb   Thumb Code     0  dscalb.o(.text)
    __scatterload                            0x08000929   Thumb Code    28  init.o(.text)
    __scatterload_rt2                        0x08000929   Thumb Code     0  init.o(.text)
    __aeabi_llsl                             0x0800094d   Thumb Code    30  llshl.o(.text)
    __semihosting_library_function           0x0800094d   Thumb Code     0  semi.o(.text)
    _ll_shift_l                              0x0800094d   Thumb Code     0  llshl.o(.text)
    __aeabi_lasr                             0x0800096b   Thumb Code    36  llsshr.o(.text)
    _ll_sshift_r                             0x0800096b   Thumb Code     0  llsshr.o(.text)
    __I$use$semihosting$fputc                0x0800098f   Thumb Code     0  iusesemip.o(.text)
    _dsqrt                                   0x0800098f   Thumb Code   162  dsqrt.o(.text)
    BusFault_Handler                         0x08000a31   Thumb Code     2  stm32f1xx_it.o(i.BusFault_Handler)
    DMP_Init                                 0x08000a35   Thumb Code   150  mpu6050.o(i.DMP_Init)
    DebugMon_Handler                         0x08000ad1   Thumb Code     2  stm32f1xx_it.o(i.DebugMon_Handler)
    Error_Handler                            0x08000ad3   Thumb Code     4  main.o(i.Error_Handler)
    HAL_Delay                                0x08000ad9   Thumb Code    32  stm32f1xx_hal.o(i.HAL_Delay)
    HAL_GPIO_Init                            0x08000afd   Thumb Code   446  stm32f1xx_hal_gpio.o(i.HAL_GPIO_Init)
    HAL_GetTick                              0x08000cdd   Thumb Code     6  stm32f1xx_hal.o(i.HAL_GetTick)
    HAL_I2C_Init                             0x08000ce9   Thumb Code   376  stm32f1xx_hal_i2c.o(i.HAL_I2C_Init)
    HAL_I2C_Mem_Read                         0x08000e71   Thumb Code   574  stm32f1xx_hal_i2c.o(i.HAL_I2C_Mem_Read)
    HAL_I2C_Mem_Write                        0x080010c1   Thumb Code   294  stm32f1xx_hal_i2c.o(i.HAL_I2C_Mem_Write)
    HAL_I2C_MspInit                          0x080011f1   Thumb Code    80  i2c.o(i.HAL_I2C_MspInit)
    HAL_IncTick                              0x0800124d   Thumb Code    12  stm32f1xx_hal.o(i.HAL_IncTick)
    HAL_Init                                 0x0800125d   Thumb Code    32  stm32f1xx_hal.o(i.HAL_Init)
    HAL_InitTick                             0x08001281   Thumb Code    54  stm32f1xx_hal.o(i.HAL_InitTick)
    HAL_MspInit                              0x080012c1   Thumb Code    52  stm32f1xx_hal_msp.o(i.HAL_MspInit)
    HAL_NVIC_EnableIRQ                       0x080012fd   Thumb Code    26  stm32f1xx_hal_cortex.o(i.HAL_NVIC_EnableIRQ)
    HAL_NVIC_SetPriority                     0x08001319   Thumb Code    60  stm32f1xx_hal_cortex.o(i.HAL_NVIC_SetPriority)
    HAL_NVIC_SetPriorityGrouping             0x08001359   Thumb Code    26  stm32f1xx_hal_cortex.o(i.HAL_NVIC_SetPriorityGrouping)
    HAL_RCC_ClockConfig                      0x0800137d   Thumb Code   280  stm32f1xx_hal_rcc.o(i.HAL_RCC_ClockConfig)
    HAL_RCC_GetPCLK1Freq                     0x080014a9   Thumb Code    20  stm32f1xx_hal_rcc.o(i.HAL_RCC_GetPCLK1Freq)
    HAL_RCC_GetSysClockFreq                  0x080014c9   Thumb Code    74  stm32f1xx_hal_rcc.o(i.HAL_RCC_GetSysClockFreq)
    HAL_RCC_OscConfig                        0x08001535   Thumb Code   778  stm32f1xx_hal_rcc.o(i.HAL_RCC_OscConfig)
    HAL_SYSTICK_Config                       0x08001855   Thumb Code    40  stm32f1xx_hal_cortex.o(i.HAL_SYSTICK_Config)
    HAL_TIMEx_BreakCallback                  0x0800187d   Thumb Code     2  stm32f1xx_hal_tim_ex.o(i.HAL_TIMEx_BreakCallback)
    HAL_TIMEx_CommutCallback                 0x0800187f   Thumb Code     2  stm32f1xx_hal_tim_ex.o(i.HAL_TIMEx_CommutCallback)
    HAL_TIMEx_MasterConfigSynchronization    0x08001881   Thumb Code    92  stm32f1xx_hal_tim_ex.o(i.HAL_TIMEx_MasterConfigSynchronization)
    HAL_TIM_Base_Init                        0x080018e9   Thumb Code    90  stm32f1xx_hal_tim.o(i.HAL_TIM_Base_Init)
    HAL_TIM_Base_MspInit                     0x08001945   Thumb Code    50  tim.o(i.HAL_TIM_Base_MspInit)
    HAL_TIM_Base_Start_IT                    0x0800197d   Thumb Code    76  stm32f1xx_hal_tim.o(i.HAL_TIM_Base_Start_IT)
    HAL_TIM_ConfigClockSource                0x080019d5   Thumb Code   214  stm32f1xx_hal_tim.o(i.HAL_TIM_ConfigClockSource)
    HAL_TIM_IC_CaptureCallback               0x08001aab   Thumb Code     2  stm32f1xx_hal_tim.o(i.HAL_TIM_IC_CaptureCallback)
    HAL_TIM_IRQHandler                       0x08001aad   Thumb Code   358  stm32f1xx_hal_tim.o(i.HAL_TIM_IRQHandler)
    HAL_TIM_MspPostInit                      0x08001c15   Thumb Code    62  tim.o(i.HAL_TIM_MspPostInit)
    HAL_TIM_OC_DelayElapsedCallback          0x08001c5d   Thumb Code     2  stm32f1xx_hal_tim.o(i.HAL_TIM_OC_DelayElapsedCallback)
    HAL_TIM_PWM_ConfigChannel                0x08001c5f   Thumb Code   198  stm32f1xx_hal_tim.o(i.HAL_TIM_PWM_ConfigChannel)
    HAL_TIM_PWM_Init                         0x08001d25   Thumb Code    90  stm32f1xx_hal_tim.o(i.HAL_TIM_PWM_Init)
    HAL_TIM_PWM_MspInit                      0x08001d7f   Thumb Code     2  stm32f1xx_hal_tim.o(i.HAL_TIM_PWM_MspInit)
    HAL_TIM_PWM_PulseFinishedCallback        0x08001d81   Thumb Code     2  stm32f1xx_hal_tim.o(i.HAL_TIM_PWM_PulseFinishedCallback)
    HAL_TIM_PWM_Start                        0x08001d85   Thumb Code   144  stm32f1xx_hal_tim.o(i.HAL_TIM_PWM_Start)
    HAL_TIM_PeriodElapsedCallback            0x08001e21   Thumb Code    74  main.o(i.HAL_TIM_PeriodElapsedCallback)
    HAL_TIM_TriggerCallback                  0x08001e75   Thumb Code     2  stm32f1xx_hal_tim.o(i.HAL_TIM_TriggerCallback)
    HardFault_Handler                        0x08001e77   Thumb Code     2  stm32f1xx_it.o(i.HardFault_Handler)
    LED_B                                    0x08002249   Thumb Code    26  main.o(i.LED_B)
    LED_G                                    0x08002271   Thumb Code    26  main.o(i.LED_G)
    MX_GPIO_Init                             0x08002299   Thumb Code    54  gpio.o(i.MX_GPIO_Init)
    MX_I2C1_Init                             0x080022d5   Thumb Code    50  i2c.o(i.MX_I2C1_Init)
    MX_TIM2_Init                             0x08002315   Thumb Code   160  tim.o(i.MX_TIM2_Init)
    MemManage_Handler                        0x080023b9   Thumb Code     2  stm32f1xx_it.o(i.MemManage_Handler)
    NMI_Handler                              0x080023bb   Thumb Code     2  stm32f1xx_it.o(i.NMI_Handler)
    PendSV_Handler                           0x080023bd   Thumb Code     2  stm32f1xx_it.o(i.PendSV_Handler)
    Read_DMP                                 0x080023c1   Thumb Code   442  mpu6050.o(i.Read_DMP)
    SVC_Handler                              0x08002585   Thumb Code     2  stm32f1xx_it.o(i.SVC_Handler)
    SysTick_Handler                          0x08002587   Thumb Code     4  stm32f1xx_it.o(i.SysTick_Handler)
    SystemClock_Config                       0x0800258b   Thumb Code    94  main.o(i.SystemClock_Config)
    SystemInit                               0x080025e9   Thumb Code     2  system_stm32f1xx.o(i.SystemInit)
    TIM2_IRQHandler                          0x080025ed   Thumb Code     6  stm32f1xx_it.o(i.TIM2_IRQHandler)
    TIM_Base_SetConfig                       0x080025f9   Thumb Code    94  stm32f1xx_hal_tim.o(i.TIM_Base_SetConfig)
    TIM_CCxChannelCmd                        0x08002665   Thumb Code    26  stm32f1xx_hal_tim.o(i.TIM_CCxChannelCmd)
    TIM_ETR_SetConfig                        0x0800267f   Thumb Code    20  stm32f1xx_hal_tim.o(i.TIM_ETR_SetConfig)
    TIM_OC2_SetConfig                        0x080026f5   Thumb Code    84  stm32f1xx_hal_tim.o(i.TIM_OC2_SetConfig)
    UsageFault_Handler                       0x0800282f   Thumb Code     2  stm32f1xx_it.o(i.UsageFault_Handler)
    __0printf$8                              0x08002831   Thumb Code    22  printf8.o(i.__0printf$8)
    __1printf$8                              0x08002831   Thumb Code     0  printf8.o(i.__0printf$8)
    __2printf                                0x08002831   Thumb Code     0  printf8.o(i.__0printf$8)
    __ARM_fpclassify                         0x08002851   Thumb Code    40  fpclassify.o(i.__ARM_fpclassify)
    __kernel_poly                            0x08002899   Thumb Code   170  poly.o(i.__kernel_poly)
    __mathlib_dbl_infnan                     0x08002943   Thumb Code     6  dunder.o(i.__mathlib_dbl_infnan)
    __mathlib_dbl_infnan2                    0x08002949   Thumb Code     4  dunder.o(i.__mathlib_dbl_infnan2)
    __mathlib_dbl_invalid                    0x0800294d   Thumb Code    12  dunder.o(i.__mathlib_dbl_invalid)
    __mathlib_dbl_underflow                  0x08002959   Thumb Code    10  dunder.o(i.__mathlib_dbl_underflow)
    __scatterload_copy                       0x08002969   Thumb Code    14  handlers.o(i.__scatterload_copy)
    __scatterload_null                       0x08002977   Thumb Code     2  handlers.o(i.__scatterload_null)
    __scatterload_zeroinit                   0x08002979   Thumb Code    14  handlers.o(i.__scatterload_zeroinit)
    __set_errno                              0x08002989   Thumb Code     6  errno.o(i.__set_errno)
    asin                                     0x08002e79   Thumb Code   572  asin.o(i.asin)
    atan                                     0x080030e9   Thumb Code   474  atan.o(i.atan)
    atan2                                    0x08003309   Thumb Code   346  atan2.o(i.atan2)
    dmp_enable_6x_lp_quat                    0x08003489   Thumb Code    58  inv_mpu_dmp_motion_driver.o(i.dmp_enable_6x_lp_quat)
    dmp_enable_feature                       0x080034c5   Thumb Code   464  inv_mpu_dmp_motion_driver.o(i.dmp_enable_feature)
    dmp_enable_gyro_cal                      0x0800369d   Thumb Code    34  inv_mpu_dmp_motion_driver.o(i.dmp_enable_gyro_cal)
    dmp_enable_lp_quat                       0x080036d9   Thumb Code    58  inv_mpu_dmp_motion_driver.o(i.dmp_enable_lp_quat)
    dmp_load_motion_driver_firmware          0x08003715   Thumb Code    16  inv_mpu_dmp_motion_driver.o(i.dmp_load_motion_driver_firmware)
    dmp_read_fifo                            0x08003729   Thumb Code   320  inv_mpu_dmp_motion_driver.o(i.dmp_read_fifo)
    dmp_set_accel_bias                       0x0800386d   Thumb Code   210  inv_mpu_dmp_motion_driver.o(i.dmp_set_accel_bias)
    dmp_set_fifo_rate                        0x08003945   Thumb Code    82  inv_mpu_dmp_motion_driver.o(i.dmp_set_fifo_rate)
    dmp_set_gyro_bias                        0x080039a9   Thumb Code   196  inv_mpu_dmp_motion_driver.o(i.dmp_set_gyro_bias)
    dmp_set_orientation                      0x08003a75   Thumb Code   246  inv_mpu_dmp_motion_driver.o(i.dmp_set_orientation)
    dmp_set_shake_reject_thresh              0x08003b81   Thumb Code    48  inv_mpu_dmp_motion_driver.o(i.dmp_set_shake_reject_thresh)
    dmp_set_shake_reject_time                0x08003bb1   Thumb Code    32  inv_mpu_dmp_motion_driver.o(i.dmp_set_shake_reject_time)
    dmp_set_shake_reject_timeout             0x08003bd1   Thumb Code    32  inv_mpu_dmp_motion_driver.o(i.dmp_set_shake_reject_timeout)
    dmp_set_tap_axes                         0x08003bf1   Thumb Code    64  inv_mpu_dmp_motion_driver.o(i.dmp_set_tap_axes)
    dmp_set_tap_count                        0x08003c31   Thumb Code    34  inv_mpu_dmp_motion_driver.o(i.dmp_set_tap_count)
    dmp_set_tap_thresh                       0x08003c55   Thumb Code   274  inv_mpu_dmp_motion_driver.o(i.dmp_set_tap_thresh)
    dmp_set_tap_time                         0x08003d7d   Thumb Code    32  inv_mpu_dmp_motion_driver.o(i.dmp_set_tap_time)
    dmp_set_tap_time_multi                   0x08003d9d   Thumb Code    32  inv_mpu_dmp_motion_driver.o(i.dmp_set_tap_time_multi)
    fputc                                    0x08003dbd   Thumb Code    18  fputc.o(i.fputc)
    main                                     0x080043b9   Thumb Code    92  main.o(i.main)
    mpu_configure_fifo                       0x0800441d   Thumb Code    78  inv_mpu.o(i.mpu_configure_fifo)
    mpu_get_accel_fsr                        0x08004471   Thumb Code    54  inv_mpu.o(i.mpu_get_accel_fsr)
    mpu_get_accel_sens                       0x080044ad   Thumb Code    62  inv_mpu.o(i.mpu_get_accel_sens)
    mpu_get_gyro_fsr                         0x080044f1   Thumb Code    48  inv_mpu.o(i.mpu_get_gyro_fsr)
    mpu_get_gyro_sens                        0x08004525   Thumb Code    44  inv_mpu.o(i.mpu_get_gyro_sens)
    mpu_get_lpf                              0x08004565   Thumb Code    52  inv_mpu.o(i.mpu_get_lpf)
    mpu_get_sample_rate                      0x0800459d   Thumb Code    22  inv_mpu.o(i.mpu_get_sample_rate)
    mpu_init                                 0x080045b9   Thumb Code   354  inv_mpu.o(i.mpu_init)
    mpu_load_firmware                        0x08004771   Thumb Code   164  inv_mpu.o(i.mpu_load_firmware)
    mpu_lp_accel_mode                        0x0800481d   Thumb Code   198  inv_mpu.o(i.mpu_lp_accel_mode)
    mpu_read_fifo_stream                     0x080048ed   Thumb Code   178  inv_mpu.o(i.mpu_read_fifo_stream)
    mpu_read_mem                             0x080049a9   Thumb Code   104  inv_mpu.o(i.mpu_read_mem)
    mpu_reset_fifo                           0x08004a19   Thumb Code   426  inv_mpu.o(i.mpu_reset_fifo)
    mpu_run_self_test                        0x08004bcd   Thumb Code   234  inv_mpu.o(i.mpu_run_self_test)
    mpu_set_accel_fsr                        0x08004cbd   Thumb Code   110  inv_mpu.o(i.mpu_set_accel_fsr)
    mpu_set_bypass                           0x08004d35   Thumb Code   290  inv_mpu.o(i.mpu_set_bypass)
    mpu_set_dmp_state                        0x08004e61   Thumb Code   136  inv_mpu.o(i.mpu_set_dmp_state)
    mpu_set_gyro_fsr                         0x08004ef1   Thumb Code   116  inv_mpu.o(i.mpu_set_gyro_fsr)
    mpu_set_int_latched                      0x08004f6d   Thumb Code   106  inv_mpu.o(i.mpu_set_int_latched)
    mpu_set_lpf                              0x08004fe1   Thumb Code   118  inv_mpu.o(i.mpu_set_lpf)
    mpu_set_sample_rate                      0x08005061   Thumb Code   140  inv_mpu.o(i.mpu_set_sample_rate)
    mpu_set_sensors                          0x080050f5   Thumb Code   212  inv_mpu.o(i.mpu_set_sensors)
    mpu_write_mem                            0x080051d1   Thumb Code   104  inv_mpu.o(i.mpu_write_mem)
    myget_ms                                 0x08005241   Thumb Code     2  inv_mpu.o(i.myget_ms)
    sqrt                                     0x08005335   Thumb Code    76  sqrt.o(i.sqrt)
    AHBPrescTable                            0x08005380   Data          16  system_stm32f1xx.o(.constdata)
    APBPrescTable                            0x08005390   Data           8  system_stm32f1xx.o(.constdata)
    reg                                      0x08005398   Data          27  inv_mpu.o(.constdata)
    hw                                       0x080053b4   Data          12  inv_mpu.o(.constdata)
    test                                     0x080053c0   Data          40  inv_mpu.o(.constdata)
    __mathlib_zero                           0x080060c8   Data           8  qnan.o(.constdata)
    Region$$Table$$Base                      0x08006120   Number         0  anon$$obj.o(Region$$Table)
    Region$$Table$$Limit                     0x08006140   Number         0  anon$$obj.o(Region$$Table)
    TIM2_CH1                                 0x20000000   Data           2  main.o(.data)
    TIM2_CH2                                 0x20000002   Data           2  main.o(.data)
    pitch                                    0x20000004   Data           4  main.o(.data)
    yaw                                      0x20000008   Data           4  main.o(.data)
    roll                                     0x2000000c   Data           4  main.o(.data)
    dmp_init                                 0x20000010   Data           4  main.o(.data)
    TIM_LED_G                                0x20000014   Data           4  main.o(.data)
    TIM_LED_B                                0x20000018   Data           4  main.o(.data)
    TIM2_LED_G                               0x2000001c   Data           4  main.o(.data)
    TIM2_LED_B                               0x20000020   Data           4  main.o(.data)
    uwTickFreq                               0x20000024   Data           1  stm32f1xx_hal.o(.data)
    uwTickPrio                               0x20000028   Data           4  stm32f1xx_hal.o(.data)
    uwTick                                   0x2000002c   Data           4  stm32f1xx_hal.o(.data)
    SystemCoreClock                          0x20000030   Data           4  system_stm32f1xx.o(.data)
    sensors                                  0x20000060   Data           2  mpu6050.o(.data)
    q0                                       0x20000064   Data           4  mpu6050.o(.data)
    q1                                       0x20000068   Data           4  mpu6050.o(.data)
    q2                                       0x2000006c   Data           4  mpu6050.o(.data)
    q3                                       0x20000070   Data           4  mpu6050.o(.data)
    gyro                                     0x20000074   Data           6  mpu6050.o(.data)
    accel                                    0x2000007a   Data           6  mpu6050.o(.data)
    __stdout                                 0x2000008c   Data           4  stdout.o(.data)
    hi2c1                                    0x20000094   Data          84  i2c.o(.bss)
    htim2                                    0x200000e8   Data          72  tim.o(.bss)
    __initial_sp                             0x20000540   Data           0  startup_stm32f103xb.o(STACK)



==============================================================================

Memory Map of the image

  Image Entry point : 0x080000ed

  Load Region LR_IROM1 (Base: 0x08000000, Size: 0x000061d4, Max: 0x00010000, ABSOLUTE)

    Execution Region ER_IROM1 (Base: 0x08000000, Size: 0x00006140, Max: 0x00010000, ABSOLUTE)

    Base Addr    Size         Type   Attr      Idx    E Section Name        Object

    0x08000000   0x000000ec   Data   RO            3    RESET               startup_stm32f103xb.o
    0x080000ec   0x00000000   Code   RO         3429  * .ARM.Collect$$$$00000000  mc_w.l(entry.o)
    0x080000ec   0x00000004   Code   RO         3760    .ARM.Collect$$$$00000001  mc_w.l(entry2.o)
    0x080000f0   0x00000004   Code   RO         3763    .ARM.Collect$$$$00000004  mc_w.l(entry5.o)
    0x080000f4   0x00000000   Code   RO         3765    .ARM.Collect$$$$00000008  mc_w.l(entry7b.o)
    0x080000f4   0x00000000   Code   RO         3767    .ARM.Collect$$$$0000000A  mc_w.l(entry8b.o)
    0x080000f4   0x00000008   Code   RO         3768    .ARM.Collect$$$$0000000B  mc_w.l(entry9a.o)
    0x080000fc   0x00000000   Code   RO         3770    .ARM.Collect$$$$0000000D  mc_w.l(entry10a.o)
    0x080000fc   0x00000000   Code   RO         3772    .ARM.Collect$$$$0000000F  mc_w.l(entry11a.o)
    0x080000fc   0x00000004   Code   RO         3761    .ARM.Collect$$$$00002712  mc_w.l(entry2.o)
    0x08000100   0x00000024   Code   RO            4    .text               startup_stm32f103xb.o
    0x08000124   0x00000062   Code   RO         3432    .text               mc_w.l(ldiv.o)
    0x08000186   0x00000020   Code   RO         3434    .text               mc_w.l(llushr.o)
    0x080001a6   0x00000024   Code   RO         3436    .text               mc_w.l(memseta.o)
    0x080001ca   0x0000001a   Code   RO         3438    .text               mc_w.l(memcmp.o)
    0x080001e4   0x000000b0   Code   RO         3701    .text               mf_w.l(fadd.o)
    0x08000294   0x00000064   Code   RO         3703    .text               mf_w.l(fmul.o)
    0x080002f8   0x0000007c   Code   RO         3705    .text               mf_w.l(fdiv.o)
    0x08000374   0x00000018   Code   RO         3707    .text               mf_w.l(fscalb.o)
    0x0800038c   0x000000e4   Code   RO         3709    .text               mf_w.l(dmul.o)
    0x08000470   0x00000012   Code   RO         3711    .text               mf_w.l(fflti.o)
    0x08000482   0x0000000a   Code   RO         3713    .text               mf_w.l(ffltui.o)
    0x0800048c   0x00000032   Code   RO         3715    .text               mf_w.l(ffixi.o)
    0x080004be   0x00000028   Code   RO         3717    .text               mf_w.l(ffixui.o)
    0x080004e6   0x00000026   Code   RO         3719    .text               mf_w.l(f2d.o)
    0x0800050c   0x00000038   Code   RO         3721    .text               mf_w.l(d2f.o)
    0x08000544   0x00000062   Code   RO         3779    .text               mc_w.l(uldiv.o)
    0x080005a6   0x00000000   Code   RO         3788    .text               mc_w.l(iusefp.o)
    0x080005a6   0x0000006e   Code   RO         3789    .text               mf_w.l(fepilogue.o)
    0x08000614   0x000000ba   Code   RO         3791    .text               mf_w.l(depilogue.o)
    0x080006ce   0x0000014e   Code   RO         3793    .text               mf_w.l(dadd.o)
    0x0800081c   0x000000de   Code   RO         3795    .text               mf_w.l(ddiv.o)
    0x080008fa   0x0000002e   Code   RO         3797    .text               mf_w.l(dscalb.o)
    0x08000928   0x00000024   Code   RO         3803    .text               mc_w.l(init.o)
    0x0800094c   0x00000000   Code   RO         3805    .text               mc_w.l(semi.o)
    0x0800094c   0x0000001e   Code   RO         3806    .text               mc_w.l(llshl.o)
    0x0800096a   0x00000024   Code   RO         3808    .text               mc_w.l(llsshr.o)
    0x0800098e   0x00000000   Code   RO         3810    .text               mc_w.l(iusesemip.o)
    0x0800098e   0x000000a2   Code   RO         3811    .text               mf_w.l(dsqrt.o)
    0x08000a30   0x00000002   Code   RO          281    i.BusFault_Handler  stm32f1xx_it.o
    0x08000a32   0x00000002   PAD
    0x08000a34   0x0000009c   Code   RO         3353    i.DMP_Init          mpu6050.o
    0x08000ad0   0x00000002   Code   RO          282    i.DebugMon_Handler  stm32f1xx_it.o
    0x08000ad2   0x00000004   Code   RO           13    i.Error_Handler     main.o
    0x08000ad6   0x00000002   PAD
    0x08000ad8   0x00000024   Code   RO          862    i.HAL_Delay         stm32f1xx_hal.o
    0x08000afc   0x000001e0   Code   RO         1170    i.HAL_GPIO_Init     stm32f1xx_hal_gpio.o
    0x08000cdc   0x0000000c   Code   RO          866    i.HAL_GetTick       stm32f1xx_hal.o
    0x08000ce8   0x00000188   Code   RO          434    i.HAL_I2C_Init      stm32f1xx_hal_i2c.o
    0x08000e70   0x00000250   Code   RO          452    i.HAL_I2C_Mem_Read  stm32f1xx_hal_i2c.o
    0x080010c0   0x00000130   Code   RO          455    i.HAL_I2C_Mem_Write  stm32f1xx_hal_i2c.o
    0x080011f0   0x0000005c   Code   RO          192    i.HAL_I2C_MspInit   i2c.o
    0x0800124c   0x00000010   Code   RO          872    i.HAL_IncTick       stm32f1xx_hal.o
    0x0800125c   0x00000024   Code   RO          873    i.HAL_Init          stm32f1xx_hal.o
    0x08001280   0x00000040   Code   RO          874    i.HAL_InitTick      stm32f1xx_hal.o
    0x080012c0   0x0000003c   Code   RO          363    i.HAL_MspInit       stm32f1xx_hal_msp.o
    0x080012fc   0x0000001a   Code   RO         1330    i.HAL_NVIC_EnableIRQ  stm32f1xx_hal_cortex.o
    0x08001316   0x00000002   PAD
    0x08001318   0x00000040   Code   RO         1336    i.HAL_NVIC_SetPriority  stm32f1xx_hal_cortex.o
    0x08001358   0x00000024   Code   RO         1337    i.HAL_NVIC_SetPriorityGrouping  stm32f1xx_hal_cortex.o
    0x0800137c   0x0000012c   Code   RO         1030    i.HAL_RCC_ClockConfig  stm32f1xx_hal_rcc.o
    0x080014a8   0x00000020   Code   RO         1037    i.HAL_RCC_GetPCLK1Freq  stm32f1xx_hal_rcc.o
    0x080014c8   0x0000006c   Code   RO         1039    i.HAL_RCC_GetSysClockFreq  stm32f1xx_hal_rcc.o
    0x08001534   0x00000320   Code   RO         1042    i.HAL_RCC_OscConfig  stm32f1xx_hal_rcc.o
    0x08001854   0x00000028   Code   RO         1341    i.HAL_SYSTICK_Config  stm32f1xx_hal_cortex.o
    0x0800187c   0x00000002   Code   RO         2536    i.HAL_TIMEx_BreakCallback  stm32f1xx_hal_tim_ex.o
    0x0800187e   0x00000002   Code   RO         2537    i.HAL_TIMEx_CommutCallback  stm32f1xx_hal_tim_ex.o
    0x08001880   0x00000068   Code   RO         2555    i.HAL_TIMEx_MasterConfigSynchronization  stm32f1xx_hal_tim_ex.o
    0x080018e8   0x0000005a   Code   RO         1832    i.HAL_TIM_Base_Init  stm32f1xx_hal_tim.o
    0x08001942   0x00000002   PAD
    0x08001944   0x00000038   Code   RO          234    i.HAL_TIM_Base_MspInit  tim.o
    0x0800197c   0x00000058   Code   RO         1837    i.HAL_TIM_Base_Start_IT  stm32f1xx_hal_tim.o
    0x080019d4   0x000000d6   Code   RO         1841    i.HAL_TIM_ConfigClockSource  stm32f1xx_hal_tim.o
    0x08001aaa   0x00000002   Code   RO         1866    i.HAL_TIM_IC_CaptureCallback  stm32f1xx_hal_tim.o
    0x08001aac   0x00000166   Code   RO         1880    i.HAL_TIM_IRQHandler  stm32f1xx_hal_tim.o
    0x08001c12   0x00000002   PAD
    0x08001c14   0x00000048   Code   RO          235    i.HAL_TIM_MspPostInit  tim.o
    0x08001c5c   0x00000002   Code   RO         1883    i.HAL_TIM_OC_DelayElapsedCallback  stm32f1xx_hal_tim.o
    0x08001c5e   0x000000c6   Code   RO         1904    i.HAL_TIM_PWM_ConfigChannel  stm32f1xx_hal_tim.o
    0x08001d24   0x0000005a   Code   RO         1907    i.HAL_TIM_PWM_Init  stm32f1xx_hal_tim.o
    0x08001d7e   0x00000002   Code   RO         1909    i.HAL_TIM_PWM_MspInit  stm32f1xx_hal_tim.o
    0x08001d80   0x00000002   Code   RO         1910    i.HAL_TIM_PWM_PulseFinishedCallback  stm32f1xx_hal_tim.o
    0x08001d82   0x00000002   PAD
    0x08001d84   0x0000009c   Code   RO         1912    i.HAL_TIM_PWM_Start  stm32f1xx_hal_tim.o
    0x08001e20   0x00000054   Code   RO           14    i.HAL_TIM_PeriodElapsedCallback  main.o
    0x08001e74   0x00000002   Code   RO         1923    i.HAL_TIM_TriggerCallback  stm32f1xx_hal_tim.o
    0x08001e76   0x00000002   Code   RO          283    i.HardFault_Handler  stm32f1xx_it.o
    0x08001e78   0x0000002e   Code   RO          476    i.I2C_IsAcknowledgeFailed  stm32f1xx_hal_i2c.o
    0x08001ea6   0x00000002   PAD
    0x08001ea8   0x000000fc   Code   RO          486    i.I2C_RequestMemoryRead  stm32f1xx_hal_i2c.o
    0x08001fa4   0x000000a8   Code   RO          487    i.I2C_RequestMemoryWrite  stm32f1xx_hal_i2c.o
    0x0800204c   0x0000004c   Code   RO          491    i.I2C_WaitOnBTFFlagUntilTimeout  stm32f1xx_hal_i2c.o
    0x08002098   0x00000068   Code   RO          492    i.I2C_WaitOnFlagUntilTimeout  stm32f1xx_hal_i2c.o
    0x08002100   0x00000096   Code   RO          493    i.I2C_WaitOnMasterAddressFlagUntilTimeout  stm32f1xx_hal_i2c.o
    0x08002196   0x00000066   Code   RO          494    i.I2C_WaitOnRXNEFlagUntilTimeout  stm32f1xx_hal_i2c.o
    0x080021fc   0x0000004c   Code   RO          495    i.I2C_WaitOnTXEFlagUntilTimeout  stm32f1xx_hal_i2c.o
    0x08002248   0x00000028   Code   RO           15    i.LED_B             main.o
    0x08002270   0x00000028   Code   RO           16    i.LED_G             main.o
    0x08002298   0x0000003c   Code   RO          167    i.MX_GPIO_Init      gpio.o
    0x080022d4   0x00000040   Code   RO          193    i.MX_I2C1_Init      i2c.o
    0x08002314   0x000000a4   Code   RO          236    i.MX_TIM2_Init      tim.o
    0x080023b8   0x00000002   Code   RO          284    i.MemManage_Handler  stm32f1xx_it.o
    0x080023ba   0x00000002   Code   RO          285    i.NMI_Handler       stm32f1xx_it.o
    0x080023bc   0x00000002   Code   RO          286    i.PendSV_Handler    stm32f1xx_it.o
    0x080023be   0x00000002   PAD
    0x080023c0   0x000001c4   Code   RO         3357    i.Read_DMP          mpu6050.o
    0x08002584   0x00000002   Code   RO          287    i.SVC_Handler       stm32f1xx_it.o
    0x08002586   0x00000004   Code   RO          288    i.SysTick_Handler   stm32f1xx_it.o
    0x0800258a   0x0000005e   Code   RO           17    i.SystemClock_Config  main.o
    0x080025e8   0x00000002   Code   RO         2804    i.SystemInit        system_stm32f1xx.o
    0x080025ea   0x00000002   PAD
    0x080025ec   0x0000000c   Code   RO          289    i.TIM2_IRQHandler   stm32f1xx_it.o
    0x080025f8   0x0000006c   Code   RO         1925    i.TIM_Base_SetConfig  stm32f1xx_hal_tim.o
    0x08002664   0x0000001a   Code   RO         1926    i.TIM_CCxChannelCmd  stm32f1xx_hal_tim.o
    0x0800267e   0x00000014   Code   RO         1936    i.TIM_ETR_SetConfig  stm32f1xx_hal_tim.o
    0x08002692   0x00000010   Code   RO         1937    i.TIM_ITRx_SetConfig  stm32f1xx_hal_tim.o
    0x080026a2   0x00000002   PAD
    0x080026a4   0x00000050   Code   RO         1938    i.TIM_OC1_SetConfig  stm32f1xx_hal_tim.o
    0x080026f4   0x00000058   Code   RO         1939    i.TIM_OC2_SetConfig  stm32f1xx_hal_tim.o
    0x0800274c   0x00000058   Code   RO         1940    i.TIM_OC3_SetConfig  stm32f1xx_hal_tim.o
    0x080027a4   0x00000044   Code   RO         1941    i.TIM_OC4_SetConfig  stm32f1xx_hal_tim.o
    0x080027e8   0x00000022   Code   RO         1943    i.TIM_TI1_ConfigInputStage  stm32f1xx_hal_tim.o
    0x0800280a   0x00000024   Code   RO         1945    i.TIM_TI2_ConfigInputStage  stm32f1xx_hal_tim.o
    0x0800282e   0x00000002   Code   RO          290    i.UsageFault_Handler  stm32f1xx_it.o
    0x08002830   0x00000020   Code   RO         3647    i.__0printf$8       mc_w.l(printf8.o)
    0x08002850   0x00000028   Code   RO         3747    i.__ARM_fpclassify  m_ws.l(fpclassify.o)
    0x08002878   0x00000020   Code   RO         1343    i.__NVIC_SetPriority  stm32f1xx_hal_cortex.o
    0x08002898   0x000000aa   Code   RO         3749    i.__kernel_poly     m_ws.l(poly.o)
    0x08002942   0x00000006   Code   RO         3734    i.__mathlib_dbl_infnan  m_ws.l(dunder.o)
    0x08002948   0x00000004   Code   RO         3735    i.__mathlib_dbl_infnan2  m_ws.l(dunder.o)
    0x0800294c   0x0000000c   Code   RO         3736    i.__mathlib_dbl_invalid  m_ws.l(dunder.o)
    0x08002958   0x00000010   Code   RO         3739    i.__mathlib_dbl_underflow  m_ws.l(dunder.o)
    0x08002968   0x0000000e   Code   RO         3817    i.__scatterload_copy  mc_w.l(handlers.o)
    0x08002976   0x00000002   Code   RO         3818    i.__scatterload_null  mc_w.l(handlers.o)
    0x08002978   0x0000000e   Code   RO         3819    i.__scatterload_zeroinit  mc_w.l(handlers.o)
    0x08002986   0x00000002   PAD
    0x08002988   0x0000000c   Code   RO         3783    i.__set_errno       mc_w.l(errno.o)
    0x08002994   0x00000410   Code   RO         3654    i._printf_core      mc_w.l(printf8.o)
    0x08002da4   0x00000024   Code   RO         3655    i._printf_post_padding  mc_w.l(printf8.o)
    0x08002dc8   0x0000002e   Code   RO         3656    i._printf_pre_padding  mc_w.l(printf8.o)
    0x08002df6   0x00000002   PAD
    0x08002df8   0x00000080   Code   RO         2841    i.accel_self_test   inv_mpu.o
    0x08002e78   0x00000270   Code   RO         3412    i.asin              m_ws.l(asin.o)
    0x080030e8   0x00000220   Code   RO         3724    i.atan              m_ws.l(atan.o)
    0x08003308   0x00000180   Code   RO         3422    i.atan2             m_ws.l(atan2.o)
    0x08003488   0x0000003a   Code   RO         3164    i.dmp_enable_6x_lp_quat  inv_mpu_dmp_motion_driver.o
    0x080034c2   0x00000002   PAD
    0x080034c4   0x000001d8   Code   RO         3165    i.dmp_enable_feature  inv_mpu_dmp_motion_driver.o
    0x0800369c   0x0000003c   Code   RO         3166    i.dmp_enable_gyro_cal  inv_mpu_dmp_motion_driver.o
    0x080036d8   0x0000003a   Code   RO         3167    i.dmp_enable_lp_quat  inv_mpu_dmp_motion_driver.o
    0x08003712   0x00000002   PAD
    0x08003714   0x00000014   Code   RO         3172    i.dmp_load_motion_driver_firmware  inv_mpu_dmp_motion_driver.o
    0x08003728   0x00000144   Code   RO         3173    i.dmp_read_fifo     inv_mpu_dmp_motion_driver.o
    0x0800386c   0x000000d8   Code   RO         3176    i.dmp_set_accel_bias  inv_mpu_dmp_motion_driver.o
    0x08003944   0x00000064   Code   RO         3177    i.dmp_set_fifo_rate  inv_mpu_dmp_motion_driver.o
    0x080039a8   0x000000cc   Code   RO         3178    i.dmp_set_gyro_bias  inv_mpu_dmp_motion_driver.o
    0x08003a74   0x0000010c   Code   RO         3180    i.dmp_set_orientation  inv_mpu_dmp_motion_driver.o
    0x08003b80   0x00000030   Code   RO         3183    i.dmp_set_shake_reject_thresh  inv_mpu_dmp_motion_driver.o
    0x08003bb0   0x00000020   Code   RO         3184    i.dmp_set_shake_reject_time  inv_mpu_dmp_motion_driver.o
    0x08003bd0   0x00000020   Code   RO         3185    i.dmp_set_shake_reject_timeout  inv_mpu_dmp_motion_driver.o
    0x08003bf0   0x00000040   Code   RO         3186    i.dmp_set_tap_axes  inv_mpu_dmp_motion_driver.o
    0x08003c30   0x00000022   Code   RO         3187    i.dmp_set_tap_count  inv_mpu_dmp_motion_driver.o
    0x08003c52   0x00000002   PAD
    0x08003c54   0x00000128   Code   RO         3188    i.dmp_set_tap_thresh  inv_mpu_dmp_motion_driver.o
    0x08003d7c   0x00000020   Code   RO         3189    i.dmp_set_tap_time  inv_mpu_dmp_motion_driver.o
    0x08003d9c   0x00000020   Code   RO         3190    i.dmp_set_tap_time_multi  inv_mpu_dmp_motion_driver.o
    0x08003dbc   0x00000012   Code   RO         3774    i.fputc             mc_w.l(fputc.o)
    0x08003dce   0x00000002   PAD
    0x08003dd0   0x000000bc   Code   RO         2842    i.get_accel_prod_shift  inv_mpu.o
    0x08003e8c   0x00000400   Code   RO         2843    i.get_st_biases     inv_mpu.o
    0x0800428c   0x000000e4   Code   RO         2844    i.gyro_self_test    inv_mpu.o
    0x08004370   0x00000048   Code   RO         3358    i.inv_row_2_scale   mpu6050.o
    0x080043b8   0x00000064   Code   RO           18    i.main              main.o
    0x0800441c   0x00000054   Code   RO         2845    i.mpu_configure_fifo  inv_mpu.o
    0x08004470   0x0000003c   Code   RO         2846    i.mpu_get_accel_fsr  inv_mpu.o
    0x080044ac   0x00000044   Code   RO         2848    i.mpu_get_accel_sens  inv_mpu.o
    0x080044f0   0x00000034   Code   RO         2854    i.mpu_get_gyro_fsr  inv_mpu.o
    0x08004524   0x00000040   Code   RO         2856    i.mpu_get_gyro_sens  inv_mpu.o
    0x08004564   0x00000038   Code   RO         2858    i.mpu_get_lpf       inv_mpu.o
    0x0800459c   0x0000001c   Code   RO         2860    i.mpu_get_sample_rate  inv_mpu.o
    0x080045b8   0x000001b8   Code   RO         2862    i.mpu_init          inv_mpu.o
    0x08004770   0x000000ac   Code   RO         2863    i.mpu_load_firmware  inv_mpu.o
    0x0800481c   0x000000d0   Code   RO         2864    i.mpu_lp_accel_mode  inv_mpu.o
    0x080048ec   0x000000bc   Code   RO         2867    i.mpu_read_fifo_stream  inv_mpu.o
    0x080049a8   0x00000070   Code   RO         2868    i.mpu_read_mem      inv_mpu.o
    0x08004a18   0x000001b4   Code   RO         2871    i.mpu_reset_fifo    inv_mpu.o
    0x08004bcc   0x000000f0   Code   RO         2872    i.mpu_run_self_test  inv_mpu.o
    0x08004cbc   0x00000078   Code   RO         2874    i.mpu_set_accel_fsr  inv_mpu.o
    0x08004d34   0x0000012c   Code   RO         2875    i.mpu_set_bypass    inv_mpu.o
    0x08004e60   0x00000090   Code   RO         2877    i.mpu_set_dmp_state  inv_mpu.o
    0x08004ef0   0x0000007c   Code   RO         2878    i.mpu_set_gyro_fsr  inv_mpu.o
    0x08004f6c   0x00000074   Code   RO         2879    i.mpu_set_int_latched  inv_mpu.o
    0x08004fe0   0x00000080   Code   RO         2881    i.mpu_set_lpf       inv_mpu.o
    0x08005060   0x00000094   Code   RO         2882    i.mpu_set_sample_rate  inv_mpu.o
    0x080050f4   0x000000dc   Code   RO         2883    i.mpu_set_sensors   inv_mpu.o
    0x080051d0   0x00000070   Code   RO         2884    i.mpu_write_mem     inv_mpu.o
    0x08005240   0x00000002   Code   RO         2885    i.myget_ms          inv_mpu.o
    0x08005242   0x00000078   Code   RO         3359    i.run_self_test     mpu6050.o
    0x080052ba   0x00000002   PAD
    0x080052bc   0x00000078   Code   RO         2886    i.set_int_enable    inv_mpu.o
    0x08005334   0x0000004c   Code   RO         3753    i.sqrt              m_ws.l(sqrt.o)
    0x08005380   0x00000010   Data   RO         2805    .constdata          system_stm32f1xx.o
    0x08005390   0x00000008   Data   RO         2806    .constdata          system_stm32f1xx.o
    0x08005398   0x0000001b   Data   RO         2887    .constdata          inv_mpu.o
    0x080053b3   0x00000001   PAD
    0x080053b4   0x0000000c   Data   RO         2888    .constdata          inv_mpu.o
    0x080053c0   0x00000028   Data   RO         2889    .constdata          inv_mpu.o
    0x080053e8   0x00000bf6   Data   RO         3192    .constdata          inv_mpu_dmp_motion_driver.o
    0x08005fde   0x00000002   PAD
    0x08005fe0   0x00000050   Data   RO         3413    .constdata          m_ws.l(asin.o)
    0x08006030   0x00000098   Data   RO         3725    .constdata          m_ws.l(atan.o)
    0x080060c8   0x00000008   Data   RO         3751    .constdata          m_ws.l(qnan.o)
    0x080060d0   0x0000004d   Data   RO         2890    .conststring        inv_mpu.o
    0x0800611d   0x00000003   PAD
    0x08006120   0x00000020   Data   RO         3815    Region$$Table       anon$$obj.o


    Execution Region RW_IRAM1 (Base: 0x20000000, Size: 0x00000540, Max: 0x00005000, ABSOLUTE)

    Base Addr    Size         Type   Attr      Idx    E Section Name        Object

    0x20000000   0x00000024   Data   RW           19    .data               main.o
    0x20000024   0x0000000c   Data   RW          880    .data               stm32f1xx_hal.o
    0x20000030   0x00000004   Data   RW         2807    .data               system_stm32f1xx.o
    0x20000034   0x0000002c   Data   RW         2891    .data               inv_mpu.o
    0x20000060   0x00000029   Data   RW         3360    .data               mpu6050.o
    0x20000089   0x00000003   PAD
    0x2000008c   0x00000004   Data   RW         3776    .data               mc_w.l(stdout.o)
    0x20000090   0x00000004   Data   RW         3784    .data               mc_w.l(errno.o)
    0x20000094   0x00000054   Zero   RW          194    .bss                i2c.o
    0x200000e8   0x00000048   Zero   RW          237    .bss                tim.o
    0x20000130   0x00000010   Zero   RW         3191    .bss                inv_mpu_dmp_motion_driver.o
    0x20000140   0x00000400   Zero   RW            1    STACK               startup_stm32f103xb.o


==============================================================================

Image component sizes


      Code (inc. data)   RO Data    RW Data    ZI Data      Debug   Object Name

        60          6          0          0          0        787   gpio.o
       156         26          0          0         84       1569   i2c.o
      5310        354        156         44          0      26462   inv_mpu.o
      2350        118       3062          0         16      19334   inv_mpu_dmp_motion_driver.o
       362         46          0         36          0     428242   main.o
       800         16          0         41          0       3951   mpu6050.o
        36          8        236          0       1024        788   startup_stm32f103xb.o
       164         28          0         12          0       5781   stm32f1xx_hal.o
       198         14          0          0          0      28851   stm32f1xx_hal_cortex.o
       480         34          0          0          0       2232   stm32f1xx_hal_gpio.o
      2262         56          0          0          0      12590   stm32f1xx_hal_i2c.o
        60          8          0          0          0        842   stm32f1xx_hal_msp.o
      1240         88          0          0          0       4553   stm32f1xx_hal_rcc.o
      1768         58          0          0          0      15490   stm32f1xx_hal_tim.o
       108         12          0          0          0       2309   stm32f1xx_hal_tim_ex.o
        32          6          0          0          0       4148   stm32f1xx_it.o
         2          0         24          4          0       1071   system_stm32f1xx.o
       292         20          0          0         72       2264   tim.o

    ----------------------------------------------------------------------
     15708        898       3516        140       1196     561264   Object Totals
         0          0         32          0          0          0   (incl. Generated)
        28          0          6          3          0          0   (incl. Padding)

    ----------------------------------------------------------------------

      Code (inc. data)   RO Data    RW Data    ZI Data      Debug   Library Member Name

       624         52         80          0          0        168   asin.o
       544         70        152          0          0        124   atan.o
       384         38          0          0          0        144   atan2.o
        38          6          0          0          0        272   dunder.o
        40          0          0          0          0         68   fpclassify.o
       170          0          0          0          0         96   poly.o
         0          0          8          0          0          0   qnan.o
        76          0          0          0          0         84   sqrt.o
         0          0          0          0          0          0   entry.o
         0          0          0          0          0          0   entry10a.o
         0          0          0          0          0          0   entry11a.o
         8          4          0          0          0          0   entry2.o
         4          0          0          0          0          0   entry5.o
         0          0          0          0          0          0   entry7b.o
         0          0          0          0          0          0   entry8b.o
         8          4          0          0          0          0   entry9a.o
        12          6          0          4          0         68   errno.o
        18          0          0          0          0         80   fputc.o
        30          0          0          0          0          0   handlers.o
        36          8          0          0          0         68   init.o
         0          0          0          0          0          0   iusefp.o
         0          0          0          0          0          0   iusesemip.o
        98          0          0          0          0         84   ldiv.o
        30          0          0          0          0         68   llshl.o
        36          0          0          0          0         68   llsshr.o
        32          0          0          0          0         68   llushr.o
        26          0          0          0          0         80   memcmp.o
        36          0          0          0          0        108   memseta.o
      1154         54          0          0          0        352   printf8.o
         0          0          0          0          0          0   semi.o
         0          0          0          4          0          0   stdout.o
        98          0          0          0          0         92   uldiv.o
        56          0          0          0          0         88   d2f.o
       334          0          0          0          0        148   dadd.o
       222          0          0          0          0        100   ddiv.o
       186          0          0          0          0        176   depilogue.o
       228          0          0          0          0         96   dmul.o
        46          0          0          0          0         80   dscalb.o
       162          0          0          0          0        100   dsqrt.o
        38          0          0          0          0         68   f2d.o
       176          0          0          0          0        140   fadd.o
       124          0          0          0          0         88   fdiv.o
       110          0          0          0          0        168   fepilogue.o
        50          0          0          0          0         68   ffixi.o
        40          0          0          0          0         68   ffixui.o
        18          0          0          0          0         68   fflti.o
        10          0          0          0          0         68   ffltui.o
       100          0          0          0          0         76   fmul.o
        24          0          0          0          0         68   fscalb.o

    ----------------------------------------------------------------------
      5432        242        240          8          0       3760   Library Totals
         6          0          0          0          0          0   (incl. Padding)

    ----------------------------------------------------------------------

      Code (inc. data)   RO Data    RW Data    ZI Data      Debug   Library Name

      1876        166        240          0          0        956   m_ws.l
      1626         76          0          8          0       1136   mc_w.l
      1924          0          0          0          0       1668   mf_w.l

    ----------------------------------------------------------------------
      5432        242        240          8          0       3760   Library Totals

    ----------------------------------------------------------------------

==============================================================================


      Code (inc. data)   RO Data    RW Data    ZI Data      Debug   

     21140       1140       3756        148       1196     556804   Grand Totals
     21140       1140       3756        148       1196     556804   ELF Image Totals
     21140       1140       3756        148          0          0   ROM Totals

==============================================================================

    Total RO  Size (Code + RO Data)                24896 (  24.31kB)
    Total RW  Size (RW Data + ZI Data)              1344 (   1.31kB)
    Total ROM Size (Code + RO Data + RW Data)      25044 (  24.46kB)

==============================================================================

